+ ip link add rtl-ovs type veth peer name rtl-end
+ ip link set rtl-ovs up
+ ip link set rtl-end up
+ ip link add rtl-cap-ovs type veth peer name rtl-cap
+ ip link set rtl-cap-ovs up
+ ip link set rtl-cap up
+ ip link add rtm-ovs type veth peer name rtm-end
+ ip link set rtm-ovs up
+ ip link set rtm-end up
+ ip link add rtm-cap-ovs type veth peer name rtm-cap
+ ip link set rtm-cap-ovs up
+ ip link set rtm-cap up
+ ip link add rtr-ovs type veth peer name rtr-end
+ ip link set rtr-ovs up
+ ip link set rtr-end up
+ ip link add rtr-cap-ovs type veth peer name rtr-cap
+ ip link set rtr-cap-ovs up
+ ip link set rtr-cap up
+ ovs-vsctl add-br br-route-left
+ ovs-vsctl set Bridge br-route-left datapath_type=system
+ ip link set br-route-left up
+ ovs-vsctl --may-exist add-port br-route-left rtl-ovs
+ ovs-vsctl --may-exist add-port br-route-left rtl-cap-ovs
+ ovs-vsctl add-br br-route-middle
+ ovs-vsctl set Bridge br-route-middle datapath_type=system
+ ip link set br-route-middle up
+ ovs-vsctl --may-exist add-port br-route-middle rtm-ovs
+ ovs-vsctl --may-exist add-port br-route-middle rtm-cap-ovs
+ ovs-vsctl add-br br-route-right
+ ovs-vsctl set Bridge br-route-right datapath_type=system
+ ip link set br-route-right up
+ ovs-vsctl --may-exist add-port br-route-right rtr-ovs
+ ovs-vsctl --may-exist add-port br-route-right rtr-cap-ovs
+ ip netns add gx-route-router
+ ip netns exec gx-route-router ip link set lo up
+ ip link add rt-left type veth peer name rt-left-ovs
+ ip link set rt-left up
+ ip link set rt-left-ovs up
+ ip link set rt-left netns gx-route-router
+ ip netns exec gx-route-router ip addr add 10.64.1.1/24 dev rt-left
+ ip netns exec gx-route-router ip link set rt-left up
+ ovs-vsctl --may-exist add-port br-route-left rt-left-ovs
graphx: command failed with status 23: ovs-vsctl --may-exist add-port br-route-left rt-left-ovs
- ip link delete rt-left-ovs
- ip netns delete gx-route-router
- ovs-vsctl --if-exists del-br br-route-right
- ovs-vsctl --if-exists del-br br-route-middle
- ovs-vsctl --if-exists del-br br-route-left
- ip link delete rtr-cap
- ip link delete rtr-end
- ip link delete rtm-cap
- ip link delete rtm-end
- ip link delete rtl-cap
- ip link delete rtl-end
