 Image graphx-demo:latest Building 
 Image graphx-demo:latest Building 
 Image graphx-telemetry:latest Building 
 Image graphx-demo:latest Building 
#1 [internal] load local bake definitions
#1 reading from stdin 2.84kB done
#1 DONE 0.0s

#2 [sink internal] load build definition from Dockerfile
#2 transferring dockerfile: 2.65kB done
#2 DONE 0.0s

#3 [telemetry internal] load build definition from telemetry.Dockerfile
#3 transferring dockerfile: 2.74kB done
#3 DONE 0.0s

#4 [auth] docker/dockerfile:pull token for registry-1.docker.io
#4 DONE 0.0s

#5 [telemetry] resolve image config for docker-image://docker.io/docker/dockerfile:1.7
#5 ...

#6 [telemetry] docker-image://docker.io/docker/dockerfile:1.7@sha256:a57df69d0ea827fb7266491f2813635de6f17269be881f696fbfdf2d83dda33e
#6 DONE 0.0s

#5 [telemetry] resolve image config for docker-image://docker.io/docker/dockerfile:1.7
#5 DONE 0.3s

#6 [sink] docker-image://docker.io/docker/dockerfile:1.7@sha256:a57df69d0ea827fb7266491f2813635de6f17269be881f696fbfdf2d83dda33e
#6 CACHED

#7 [telemetry internal] load metadata for docker.io/library/node:22-alpine@sha256:c610fcdfb1d5b4740dd70c284ed3cb16bb857e0f7166196e36a5501df7a3aa32
#7 DONE 0.0s

#8 [telemetry internal] load metadata for docker.io/library/debian:bookworm-slim@sha256:88200866dfff7ea7f5cbcb6ec7c8a701889efe6fe859fe64d6990e4b07ea4171
#8 DONE 0.1s

#9 [transform internal] load build definition from Dockerfile
#9 transferring dockerfile: 2.65kB done
#9 DONE 0.0s

#10 [generator internal] load build definition from Dockerfile
#10 transferring dockerfile: 2.65kB done
#10 DONE 0.0s

#11 [telemetry internal] load .dockerignore
#11 transferring context: 222B done
#11 DONE 0.1s

#12 [sink internal] load build definition from Dockerfile
#12 transferring dockerfile: 2.65kB done
#12 DONE 0.1s

#13 [transform internal] load .dockerignore
#13 transferring context: 222B done
#13 DONE 0.1s

#14 [generator internal] load .dockerignore
#14 transferring context: 222B done
#14 DONE 0.1s

#8 [sink internal] load metadata for docker.io/library/debian:bookworm-slim@sha256:88200866dfff7ea7f5cbcb6ec7c8a701889efe6fe859fe64d6990e4b07ea4171
#8 DONE 0.1s

#15 [generator trust 1/4] FROM docker.io/library/debian:bookworm-slim@sha256:88200866dfff7ea7f5cbcb6ec7c8a701889efe6fe859fe64d6990e4b07ea4171
#15 DONE 0.0s

#16 [telemetry web 1/7] FROM docker.io/library/node:22-alpine@sha256:c610fcdfb1d5b4740dd70c284ed3cb16bb857e0f7166196e36a5501df7a3aa32
#16 DONE 0.0s

#17 [transform internal] load build context
#17 DONE 0.0s

#18 [telemetry internal] load build context
#18 ...

#19 [sink internal] load .dockerignore
#19 transferring context: 222B done
#19 DONE 0.0s

#15 [sink trust 1/4] FROM docker.io/library/debian:bookworm-slim@sha256:88200866dfff7ea7f5cbcb6ec7c8a701889efe6fe859fe64d6990e4b07ea4171
#15 DONE 0.0s

#18 [telemetry internal] load build context
#18 transferring context: 161.78kB 0.2s done
#18 DONE 0.2s

#17 [transform internal] load build context
#17 transferring context: 78.99kB 0.2s done
#17 DONE 0.2s

#20 [generator internal] load build context
#20 transferring context: 3.15MB 0.2s done
#20 DONE 0.2s

#21 [transform build 11/17] COPY apps apps
#21 CACHED

#22 [transform build 15/17] COPY wireshark wireshark
#22 CACHED

#23 [transform stage-1  7/11] COPY --from=build /src/build/graphx-sink /usr/local/bin/
#23 CACHED

#24 [transform build 14/17] COPY tools tools
#24 CACHED

#25 [transform stage-1  2/11] RUN apt-get update && apt-get install -y --no-install-recommends iproute2 libssl3 && rm -rf /var/lib/apt/lists/*
#25 CACHED

#26 [transform build  2/17] RUN apt-get update && apt-get install -y --no-install-recommends       bash ca-certificates cmake curl ninja-build g++ libssl-dev  && rm -rf /var/lib/apt/lists/*
#26 CACHED

#27 [transform build  3/17] COPY docker/install-build-trust.sh /usr/local/libexec/graphx-install-build-trust
#27 CACHED

#28 [transform build  4/17] RUN --mount=type=secret,id=graphx_ca,required=false     --mount=type=secret,id=graphx_cert_installer,required=false     /usr/bin/bash /usr/local/libexec/graphx-install-build-trust
#28 CACHED

#29 [transform stage-1  9/11] COPY --from=build /src/build/graphx-udp-subscriber /usr/local/bin/
#29 CACHED

#30 [transform build  8/17] COPY cmake cmake
#30 CACHED

#31 [transform stage-1  3/11] COPY --from=build /etc/ssl/certs/ca-certificates.crt /etc/ssl/certs/ca-certificates.crt
#31 CACHED

#32 [transform stage-1  5/11] COPY --from=build /src/build/graphx-generator /usr/local/bin/
#32 CACHED

#33 [transform stage-1 10/11] COPY --from=build /src/build/graphx /usr/local/bin/
#33 CACHED

#34 [transform stage-1  8/11] COPY --from=build /src/build/graphx-udp-publisher /usr/local/bin/
#34 CACHED

#35 [transform build 17/17] RUN cmake -S . -B build -G Ninja -DCMAKE_BUILD_TYPE=Release -DGRAPHX_BUILD_TESTS=OFF  && cmake --build build
#35 CACHED

#36 [transform stage-1  6/11] COPY --from=build /src/build/graphx-transform /usr/local/bin/
#36 CACHED

#37 [transform build  9/17] COPY include include
#37 CACHED

#38 [transform build 13/17] COPY docs docs
#38 CACHED

#39 [transform build 12/17] COPY config config
#39 CACHED

#40 [transform build 10/17] COPY src src
#40 CACHED

#41 [transform stage-1  4/11] RUN mkdir /captures && chown 65532:65532 /captures && chmod 0770 /captures
#41 CACHED

#42 [transform build 16/17] COPY graphx.yaml ./graphx.yaml
#42 CACHED

#43 [transform build  7/17] COPY VERSION LICENSE THIRD_PARTY.md README.md CHANGELOG.md SECURITY.md SUPPORT.md CONTRIBUTING.md ./
#43 CACHED

#44 [transform build  5/17] WORKDIR /src
#44 CACHED

#45 [transform build  6/17] COPY CMakeLists.txt ./
#45 CACHED

#46 [transform stage-1 11/11] COPY --from=build /src/graphx.yaml /etc/graphx/graphx.yaml
#46 CACHED

#47 [telemetry trust 4/4] RUN --mount=type=secret,id=graphx_ca,required=false     --mount=type=secret,id=graphx_cert_installer,required=false     /usr/bin/bash /usr/local/libexec/graphx-install-build-trust
#47 CACHED

#48 [telemetry stage-2 8/9] COPY graphx.yaml ./graphx.yaml
#48 CACHED

#49 [telemetry trust 3/4] COPY docker/install-build-trust.sh /usr/local/libexec/graphx-install-build-trust
#49 CACHED

#50 [telemetry web 7/7] RUN npm run build
#50 CACHED

#51 [telemetry web 5/7] RUN npm ci
#51 CACHED

#52 [telemetry trust 2/4] RUN apt-get update && apt-get install -y --no-install-recommends bash ca-certificates curl  && rm -rf /var/lib/apt/lists/*
#52 CACHED

#53 [telemetry stage-2 6/9] RUN npm ci --omit=dev
#53 CACHED

#54 [telemetry stage-2 7/9] COPY --chown=node:node apps/telemetry/server.mjs apps/telemetry/security.mjs apps/telemetry/control.mjs apps/telemetry/operations.mjs   apps/telemetry/history.mjs apps/telemetry/history-worker.mjs apps/telemetry/capture-files.mjs ./
#54 CACHED

#55 [telemetry web 2/7] COPY --from=trust /etc/ssl/certs/ca-certificates.crt /etc/ssl/certs/ca-certificates.crt
#55 CACHED

#56 [telemetry stage-2 4/9] RUN addgroup -S -g 65532 graphx-capture && addgroup node graphx-capture  && mkdir /captures /var/lib/graphx /var/lib/graphx/history  && chown 65532:65532 /captures && chmod 0770 /captures  && chown -R node:node /var/lib/graphx && chmod 0750 /var/lib/graphx /var/lib/graphx/history
#56 CACHED

#57 [telemetry stage-2 3/9] WORKDIR /app
#57 CACHED

#58 [telemetry web 3/7] WORKDIR /app/web
#58 CACHED

#59 [telemetry web 4/7] COPY web/package*.json ./
#59 CACHED

#60 [telemetry stage-2 5/9] COPY apps/telemetry/package*.json ./
#60 CACHED

#61 [telemetry web 6/7] COPY web/ ./
#61 CACHED

#62 [telemetry stage-2 9/9] COPY --from=web /app/web/dist ./web/dist
#62 CACHED

#63 [transform] exporting to image
#63 exporting layers done
#63 writing image sha256:6b2541b0f033ebc96ad00c55041f670de720939ee65cb4c6d430ace72be67292 done
#63 naming to docker.io/library/graphx-demo:latest done
#63 DONE 0.0s

#64 [sink internal] load build context
#64 transferring context: 78.99kB 0.0s done
#64 DONE 0.1s

#65 [telemetry] exporting to image
#65 exporting layers done
#65 writing image sha256:67b2717c2ac36677e7ceb25e39a150fb25c21b0b233079e92e5b29419f4d555d done
#65 naming to docker.io/library/graphx-telemetry:latest done
#65 DONE 0.1s

#46 [generator stage-1 11/11] COPY --from=build /src/graphx.yaml /etc/graphx/graphx.yaml
#46 CACHED

#66 [sink] exporting to image
#66 exporting layers done
#66 writing image sha256:510fb363d348ea372e29be75f12a6c475204d70793fe9b14325c185273326b5a done
#66 naming to docker.io/library/graphx-demo:latest done
#66 DONE 0.1s

#67 [generator] exporting to image
#67 exporting layers done
#67 writing image sha256:5406b505c1e583860a2989b29044991b8af99ef05337ae962df2012827921820 done
#67 naming to docker.io/library/graphx-demo:latest done
#67 DONE 0.1s

#68 [transform] resolving provenance for metadata file
#68 DONE 0.1s

#69 [telemetry] resolving provenance for metadata file
#69 DONE 0.1s

#70 [sink] resolving provenance for metadata file
#70 DONE 0.1s

#71 [generator] resolving provenance for metadata file
#71 DONE 0.0s
 Image graphx-demo:latest Built 
 Image graphx-demo:latest Built 
 Image graphx-telemetry:latest Built 
 Image graphx-demo:latest Built 
 Network graphx_graphx Creating 
 Network graphx_graphx Created 
 Container graphx-telemetry-1 Creating 
 Container graphx-telemetry-1 Created 
 Container graphx-sink-1 Creating 
 Container graphx-sink-1 Created 
 Container graphx-transform-1 Creating 
 Container graphx-transform-1 Created 
 Container graphx-generator-1 Creating 
 Container graphx-generator-1 Created 
 Container graphx-telemetry-1 Starting 
 Container graphx-telemetry-1 Started 
 Container graphx-sink-1 Starting 
 Container graphx-sink-1 Started 
 Container graphx-transform-1 Starting 
 Container graphx-transform-1 Started 
 Container graphx-generator-1 Starting 
 Container graphx-generator-1 Started 
Waiting for the telemetry service............................................................ timed out
NAME                 IMAGE                     COMMAND                  SERVICE     CREATED              STATUS                        PORTS
graphx-generator-1   graphx-demo:latest        "/usr/local/bin/grap…"   generator   About a minute ago   Up About a minute             
graphx-sink-1        graphx-demo:latest        "/usr/local/bin/grap…"   sink        About a minute ago   Up About a minute             
graphx-telemetry-1   graphx-telemetry:latest   "docker-entrypoint.s…"   telemetry   About a minute ago   Up About a minute (healthy)   127.0.0.1:8080->8080/tcp, 9000/udp
graphx-transform-1   graphx-demo:latest        "/usr/local/bin/grap…"   transform   About a minute ago   Up About a minute             
 Container graphx-generator-1 Stopping 
 Container graphx-generator-1 Stopped 
 Container graphx-generator-1 Removing 
 Container graphx-generator-1 Removed 
 Container graphx-transform-1 Stopping 
 Container graphx-transform-1 Stopped 
 Container graphx-transform-1 Removing 
 Container graphx-transform-1 Removed 
 Container graphx-sink-1 Stopping 
 Container graphx-sink-1 Stopped 
 Container graphx-sink-1 Removing 
 Container graphx-sink-1 Removed 
 Container graphx-telemetry-1 Stopping 
 Container graphx-telemetry-1 Stopped 
 Container graphx-telemetry-1 Removing 
 Container graphx-telemetry-1 Removed 
 Network graphx_graphx Removing 
 Network graphx_graphx Removed 
