 Image graphx-telemetry:latest Building 
 Image graphx-demo:latest Building 
 Image graphx-demo:latest Building 
 Image graphx-demo:latest Building 
#1 [internal] load local bake definitions
#1 reading from stdin 2.84kB done
#1 DONE 0.0s

#2 [transform internal] load build definition from Dockerfile
#2 transferring dockerfile: 2.65kB done
#2 DONE 0.0s

#3 [telemetry internal] load build definition from telemetry.Dockerfile
#3 transferring dockerfile: 2.74kB done
#3 DONE 0.1s

#4 [telemetry] resolve image config for docker-image://docker.io/docker/dockerfile:1.7
#4 DONE 0.3s

#5 [sink] docker-image://docker.io/docker/dockerfile:1.7@sha256:a57df69d0ea827fb7266491f2813635de6f17269be881f696fbfdf2d83dda33e
#5 CACHED

#6 [telemetry internal] load metadata for docker.io/library/node:22-alpine@sha256:c610fcdfb1d5b4740dd70c284ed3cb16bb857e0f7166196e36a5501df7a3aa32
#6 DONE 0.0s

#7 [generator internal] load build definition from Dockerfile
#7 transferring dockerfile: 2.65kB done
#7 DONE 0.0s

#8 [transform internal] load build definition from Dockerfile
#8 transferring dockerfile: 2.65kB done
#8 DONE 0.1s

#9 [sink internal] load build definition from Dockerfile
#9 transferring dockerfile: 2.65kB done
#9 DONE 0.1s

#10 [telemetry internal] load .dockerignore
#10 transferring context: 222B done
#10 DONE 0.0s

#11 [transform internal] load metadata for docker.io/library/debian:bookworm-slim@sha256:88200866dfff7ea7f5cbcb6ec7c8a701889efe6fe859fe64d6990e4b07ea4171
#11 DONE 0.1s

#12 [generator internal] load .dockerignore
#12 transferring context: 222B done
#12 DONE 0.0s

#13 [transform internal] load .dockerignore
#13 transferring context: 222B done
#13 DONE 0.2s

#14 [sink internal] load .dockerignore
#14 transferring context: 222B done
#14 DONE 0.2s

#15 [generator internal] load build context
#15 DONE 0.0s

#16 [transform build  1/17] FROM docker.io/library/debian:bookworm-slim@sha256:88200866dfff7ea7f5cbcb6ec7c8a701889efe6fe859fe64d6990e4b07ea4171
#16 DONE 0.0s

#17 [telemetry internal] load build context
#17 DONE 0.0s

#18 [telemetry web 1/7] FROM docker.io/library/node:22-alpine@sha256:c610fcdfb1d5b4740dd70c284ed3cb16bb857e0f7166196e36a5501df7a3aa32
#18 DONE 0.0s

#16 [sink build  1/17] FROM docker.io/library/debian:bookworm-slim@sha256:88200866dfff7ea7f5cbcb6ec7c8a701889efe6fe859fe64d6990e4b07ea4171
#16 DONE 0.0s

#19 [sink internal] load build context
#19 transferring context: 78.99kB 0.0s done
#19 DONE 0.1s

#20 [transform internal] load build context
#20 transferring context: 78.99kB 0.0s done
#20 DONE 0.1s

#17 [telemetry internal] load build context
#17 transferring context: 161.78kB 0.1s done
#17 DONE 0.1s

#21 [telemetry trust 2/4] RUN apt-get update && apt-get install -y --no-install-recommends bash ca-certificates curl  && rm -rf /var/lib/apt/lists/*
#21 CACHED

#22 [telemetry stage-2 4/9] RUN addgroup -S -g 65532 graphx-capture && addgroup node graphx-capture  && mkdir /captures /var/lib/graphx /var/lib/graphx/history  && chown 65532:65532 /captures && chmod 0770 /captures  && chown -R node:node /var/lib/graphx && chmod 0750 /var/lib/graphx /var/lib/graphx/history
#22 CACHED

#23 [telemetry stage-2 7/9] COPY --chown=node:node apps/telemetry/server.mjs apps/telemetry/security.mjs apps/telemetry/control.mjs apps/telemetry/operations.mjs   apps/telemetry/history.mjs apps/telemetry/history-worker.mjs apps/telemetry/capture-files.mjs ./
#23 CACHED

#24 [telemetry trust 3/4] COPY docker/install-build-trust.sh /usr/local/libexec/graphx-install-build-trust
#24 CACHED

#25 [telemetry stage-2 5/9] COPY apps/telemetry/package*.json ./
#25 CACHED

#26 [telemetry web 5/7] RUN npm ci
#26 CACHED

#27 [telemetry web 6/7] COPY web/ ./
#27 CACHED

#28 [telemetry trust 4/4] RUN --mount=type=secret,id=graphx_ca,required=false     --mount=type=secret,id=graphx_cert_installer,required=false     /usr/bin/bash /usr/local/libexec/graphx-install-build-trust
#28 CACHED

#29 [telemetry web 2/7] COPY --from=trust /etc/ssl/certs/ca-certificates.crt /etc/ssl/certs/ca-certificates.crt
#29 CACHED

#30 [telemetry web 3/7] WORKDIR /app/web
#30 CACHED

#31 [telemetry web 4/7] COPY web/package*.json ./
#31 CACHED

#32 [telemetry stage-2 3/9] WORKDIR /app
#32 CACHED

#33 [telemetry stage-2 6/9] RUN npm ci --omit=dev
#33 CACHED

#34 [telemetry web 7/7] RUN npm run build
#34 CACHED

#35 [telemetry stage-2 8/9] COPY graphx.yaml ./graphx.yaml
#35 CACHED

#36 [telemetry stage-2 9/9] COPY --from=web /app/web/dist ./web/dist
#36 CACHED

#37 [sink build  6/17] COPY CMakeLists.txt ./
#37 CACHED

#38 [sink stage-1  4/11] RUN mkdir /captures && chown 65532:65532 /captures && chmod 0770 /captures
#38 CACHED

#39 [sink stage-1  9/11] COPY --from=build /src/build/graphx-udp-subscriber /usr/local/bin/
#39 CACHED

#40 [sink build 15/17] COPY wireshark wireshark
#40 CACHED

#41 [sink build 14/17] COPY tools tools
#41 CACHED

#42 [sink build  9/17] COPY include include
#42 CACHED

#43 [sink build 11/17] COPY apps apps
#43 CACHED

#44 [sink build  7/17] COPY VERSION LICENSE THIRD_PARTY.md README.md CHANGELOG.md SECURITY.md SUPPORT.md CONTRIBUTING.md ./
#44 CACHED

#45 [sink stage-1  3/11] COPY --from=build /etc/ssl/certs/ca-certificates.crt /etc/ssl/certs/ca-certificates.crt
#45 CACHED

#46 [sink stage-1  8/11] COPY --from=build /src/build/graphx-udp-publisher /usr/local/bin/
#46 CACHED

#47 [sink stage-1  5/11] COPY --from=build /src/build/graphx-generator /usr/local/bin/
#47 CACHED

#48 [sink stage-1  6/11] COPY --from=build /src/build/graphx-transform /usr/local/bin/
#48 CACHED

#49 [sink build 12/17] COPY config config
#49 CACHED

#50 [sink build  8/17] COPY cmake cmake
#50 CACHED

#51 [sink build  3/17] COPY docker/install-build-trust.sh /usr/local/libexec/graphx-install-build-trust
#51 CACHED

#52 [sink stage-1  2/11] RUN apt-get update && apt-get install -y --no-install-recommends iproute2 libssl3 && rm -rf /var/lib/apt/lists/*
#52 CACHED

#53 [sink build  5/17] WORKDIR /src
#53 CACHED

#54 [sink build  2/17] RUN apt-get update && apt-get install -y --no-install-recommends       bash ca-certificates cmake curl ninja-build g++ libssl-dev  && rm -rf /var/lib/apt/lists/*
#54 CACHED

#55 [sink build 17/17] RUN cmake -S . -B build -G Ninja -DCMAKE_BUILD_TYPE=Release -DGRAPHX_BUILD_TESTS=OFF  && cmake --build build
#55 CACHED

#56 [sink stage-1 10/11] COPY --from=build /src/build/graphx /usr/local/bin/
#56 CACHED

#57 [sink build 16/17] COPY graphx.yaml ./graphx.yaml
#57 CACHED

#58 [sink build  4/17] RUN --mount=type=secret,id=graphx_ca,required=false     --mount=type=secret,id=graphx_cert_installer,required=false     /usr/bin/bash /usr/local/libexec/graphx-install-build-trust
#58 CACHED

#59 [sink stage-1  7/11] COPY --from=build /src/build/graphx-sink /usr/local/bin/
#59 CACHED

#60 [sink build 10/17] COPY src src
#60 CACHED

#61 [sink build 13/17] COPY docs docs
#61 CACHED

#62 [generator stage-1 11/11] COPY --from=build /src/graphx.yaml /etc/graphx/graphx.yaml
#62 CACHED

#15 [generator internal] load build context
#15 transferring context: 3.15MB 0.1s done
#15 DONE 0.1s

#63 [transform] exporting to image
#63 exporting layers done
#63 writing image sha256:6b2541b0f033ebc96ad00c55041f670de720939ee65cb4c6d430ace72be67292 done
#63 naming to docker.io/library/graphx-demo:latest 0.0s done
#63 DONE 0.0s

#64 [telemetry] exporting to image
#64 exporting layers done
#64 writing image sha256:67b2717c2ac36677e7ceb25e39a150fb25c21b0b233079e92e5b29419f4d555d 0.0s done
#64 naming to docker.io/library/graphx-telemetry:latest done
#64 DONE 0.0s

#65 [sink] exporting to image
#65 exporting layers done
#65 writing image sha256:510fb363d348ea372e29be75f12a6c475204d70793fe9b14325c185273326b5a 0.0s done
#65 naming to docker.io/library/graphx-demo:latest done
#65 DONE 0.1s

#66 [generator] exporting to image
#66 exporting layers done
#66 writing image sha256:5406b505c1e583860a2989b29044991b8af99ef05337ae962df2012827921820 done
#66 naming to docker.io/library/graphx-demo:latest done
#66 DONE 0.1s

#67 [transform] resolving provenance for metadata file
#67 DONE 0.2s

#68 [telemetry] resolving provenance for metadata file
#68 DONE 0.1s

#69 [sink] resolving provenance for metadata file
#69 DONE 0.1s

#70 [generator] resolving provenance for metadata file
#70 DONE 0.0s
 Image graphx-telemetry:latest Built 
 Image graphx-demo:latest Built 
 Image graphx-demo:latest Built 
 Image graphx-demo:latest Built 
 Network graphx_graphx Creating 
 Network graphx_graphx Created 
 Container graphx-telemetry-1 Creating 
 Container graphx-telemetry-1 Created 
 Container graphx-sink-1 Creating 
 Container graphx-sink-1 Created 
 Container graphx-transform-1 Creating 
 Container graphx-transform-1 Created 
 Container graphx-generator-1 Creating 
 Container graphx-generator-1 Created 
 Container graphx-telemetry-1 Starting 
 Container graphx-telemetry-1 Started 
 Container graphx-sink-1 Starting 
 Container graphx-sink-1 Started 
 Container graphx-transform-1 Starting 
 Container graphx-transform-1 Started 
 Container graphx-generator-1 Starting 
 Container graphx-generator-1 Started 
Waiting for the telemetry service ready
PASS: all four services are running
PASS: both TCP edges are connected
PASS: samples edge advanced 1 -> 5
PASS: transformed edge advanced 1 -> 5
PASS: telemetry API and Prometheus metrics are live

Console: http://127.0.0.1:28080
Follow output: scripts/demo.sh logs
Stop cleanly: scripts/demo.sh stop

Capture: true · History: true
Control token (paste into the console): 393136ec983aaddd27167dc7d1153298d79056107325981cab3ce8ea0cf27f2e
Local credentials: /Users/rklinkhammer/workspace/graphx-docker/.graphx/demo.env (mode 0600)
Waiting for the telemetry service ready
PASS: all four services are running
PASS: both TCP edges are connected
PASS: samples edge advanced 5 -> 9
PASS: transformed edge advanced 5 -> 9
PASS: telemetry API and Prometheus metrics are live

Console: http://127.0.0.1:28080
Follow output: scripts/demo.sh logs
Stop cleanly: scripts/demo.sh stop
 Container graphx-generator-1 Stopping 
 Container graphx-generator-1 Stopped 
 Container graphx-generator-1 Removing 
 Container graphx-generator-1 Removed 
 Container graphx-transform-1 Stopping 
 Container graphx-transform-1 Stopped 
 Container graphx-transform-1 Removing 
 Container graphx-transform-1 Removed 
 Container graphx-sink-1 Stopping 
 Container graphx-sink-1 Stopped 
 Container graphx-sink-1 Removing 
 Container graphx-sink-1 Removed 
 Container graphx-telemetry-1 Stopping 
 Container graphx-telemetry-1 Stopped 
 Container graphx-telemetry-1 Removing 
 Container graphx-telemetry-1 Removed 
 Network graphx_graphx Removing 
 Network graphx_graphx Removed 
