WARNING: DOCKER_INSECURE_NO_IPTABLES_RAW is set
Building Linux verifier image: graphx-linux-verifier:local
#0 building with "orbstack" instance using docker driver

#1 [internal] load build definition from linux-verifier.Dockerfile
#1 transferring dockerfile: 2.35kB done
#1 DONE 0.0s

#2 [auth] docker/dockerfile:pull token for registry-1.docker.io
#2 DONE 0.0s

#3 resolve image config for docker-image://docker.io/docker/dockerfile:1.7
#3 DONE 0.3s

#4 docker-image://docker.io/docker/dockerfile:1.7@sha256:a57df69d0ea827fb7266491f2813635de6f17269be881f696fbfdf2d83dda33e
#4 CACHED

#5 [internal] load metadata for docker.io/library/ubuntu:24.04@sha256:33ceb71981b602c1a7443a53469e4dba065f7503eab3078a2d7a57a2ab987517
#5 DONE 0.0s

#6 [internal] load metadata for docker.io/library/node:24-bookworm-slim@sha256:ba849c60be29959425b8734d57b8b4b7d56f98edd9504c9af091d5281095a71e
#6 DONE 0.0s

#7 [internal] load .dockerignore
#7 transferring context: 222B done
#7 DONE 0.0s

#8 [node-runtime 1/1] FROM docker.io/library/node:24-bookworm-slim@sha256:ba849c60be29959425b8734d57b8b4b7d56f98edd9504c9af091d5281095a71e
#8 DONE 0.0s

#9 [stage-1 1/8] FROM docker.io/library/ubuntu:24.04@sha256:33ceb71981b602c1a7443a53469e4dba065f7503eab3078a2d7a57a2ab987517
#9 DONE 0.0s

#10 [internal] load build context
#10 transferring context: 92.68kB 0.0s done
#10 DONE 0.0s

#11 [stage-1 2/8] COPY --from=node-runtime /usr/local/ /usr/local/
#11 CACHED

#12 [stage-1 3/8] RUN apt-get update  && apt-get install -y --no-install-recommends bash ca-certificates curl gnupg  && rm -rf /var/lib/apt/lists/*
#12 CACHED

#13 [stage-1 5/8] RUN --mount=type=secret,id=graphx_ca,required=false     --mount=type=secret,id=graphx_cert_installer,required=false     /usr/bin/bash /usr/local/libexec/graphx-install-build-trust
#13 CACHED

#14 [stage-1 4/8] COPY docker/install-build-trust.sh /usr/local/libexec/graphx-install-build-trust
#14 CACHED

#15 [stage-1 6/8] RUN curl --fail --silent --show-error       https://apt.llvm.org/llvm-snapshot.gpg.key       --output /tmp/llvm-snapshot.gpg.key  && test "$(gpg --show-keys --with-colons /tmp/llvm-snapshot.gpg.key       | awk -F: '$1 == "fpr" { print $10; exit }')"       = "6084F3CF814B57C1CF12EFD515CF4D18AF4F7421"  && gpg --dearmor < /tmp/llvm-snapshot.gpg.key       > /usr/share/keyrings/apt.llvm.org.gpg  && echo "deb [signed-by=/usr/share/keyrings/apt.llvm.org.gpg] https://apt.llvm.org/noble/ llvm-toolchain-noble-21 main"       > /etc/apt/sources.list.d/llvm-21.list  && rm /tmp/llvm-snapshot.gpg.key  && apt-get update  && apt-get install -y --no-install-recommends       build-essential clang-21 clang-tools-21 clang-format-21 clang-tidy-21       cmake cppcheck git libclang-rt-21-dev libfuzzer-21-dev libssl-dev llvm-21       ninja-build openssl pkg-config python3 tshark xxd  && rm -rf /var/lib/apt/lists/*
#15 CACHED

#16 [stage-1 7/8] WORKDIR /workspace
#16 CACHED

#17 [stage-1 8/8] COPY . .
#17 CACHED

#18 exporting to image
#18 exporting layers done
#18 writing image sha256:d61e2494cbb515ad71472c518fb136912c1341b7a2c620730394ab947547765e done
#18 naming to docker.io/library/graphx-linux-verifier:local done
#18 DONE 0.0s

View build details: docker-desktop://dashboard/build/orbstack/orbstack/sizud8qh0zgu0edhdkww5tbn8
Running Linux verifier mode: portable
Evidence directory: /Users/rklinkhammer/workspace/graphx-docker/outputs/linux-container
GraphX Linux verifier
mode=portable
run_id=20260906T151631Z
architecture=aarch64
kernel=Linux 7.0.14-orbstack-00380-ga7e0a2dc9535
openssl=OpenSSL 3.0.13 30 Jan 2024 (Library: OpenSSL 3.0.13 30 Jan 2024)
cmake=cmake version 3.28.3
compiler=g++ (Ubuntu 13.3.0-6ubuntu2~24.04.1) 13.3.0
node=v24.20.0
npm=11.19.0

==> Verify guided demo credential bootstrap

==> Configure, build, and run the C++23 suite
-- The CXX compiler identification is GNU 13.3.0
-- Detecting CXX compiler ABI info
-- Detecting CXX compiler ABI info - done
-- Check for working CXX compiler: /usr/bin/c++ - skipped
-- Detecting CXX compile features
-- Detecting CXX compile features - done
-- Performing Test CMAKE_HAVE_LIBC_PTHREAD
-- Performing Test CMAKE_HAVE_LIBC_PTHREAD - Success
-- Found Threads: TRUE  
-- Found OpenSSL: /usr/lib/aarch64-linux-gnu/libcrypto.so (found suitable version "3.0.13", minimum required is "3")  
-- Found Python3: /usr/bin/python3 (found version "3.12.3") found components: Interpreter 
-- Configuring done (0.6s)
-- Generating done (0.0s)
-- Build files have been written to: /tmp/graphx-linux-portable-cxx23
[0/2] Re-checking globbed directories...
[1/67] Building CXX object CMakeFiles/graphx.dir/src/framing.cpp.o
[2/67] Building CXX object CMakeFiles/graphx.dir/src/capture.cpp.o
[3/67] Building CXX object CMakeFiles/graphx.dir/src/envelope.cpp.o
[4/67] Building CXX object CMakeFiles/graphx.dir/src/in_process_transport.cpp.o
[5/67] Building CXX object CMakeFiles/graphx.dir/src/network.cpp.o
[6/67] Building CXX object CMakeFiles/graphx.dir/src/infra.cpp.o
[7/67] Building CXX object CMakeFiles/graphx.dir/src/shared_memory_transport.cpp.o
[8/67] Building CXX object CMakeFiles/graphx.dir/src/observability.cpp.o
[9/67] Building CXX object CMakeFiles/graphx.dir/src/tcp_transport.cpp.o
[10/67] Building CXX object CMakeFiles/graphx.dir/src/unix_domain_socket_transport.cpp.o
[11/67] Building CXX object CMakeFiles/graphx.dir/src/udp_transport.cpp.o
[12/67] Building CXX object CMakeFiles/graphx.dir/src/config.cpp.o
[13/67] Building CXX object CMakeFiles/graphx.dir/src/transport_factory.cpp.o
[14/67] Building CXX object CMakeFiles/graphx-generator.dir/apps/generator/main.cpp.o
[15/67] Building CXX object CMakeFiles/graphx-transform.dir/apps/transform/main.cpp.o
[16/67] Building CXX object CMakeFiles/graphx-sink.dir/apps/sink/main.cpp.o
[17/67] Building CXX object CMakeFiles/graphx-udp-publisher.dir/apps/udp_publisher/main.cpp.o
[18/67] Building CXX object CMakeFiles/graphx-cli.dir/apps/cli/main.cpp.o
[19/67] Building CXX object CMakeFiles/graphx-udp-subscriber.dir/apps/udp_subscriber/main.cpp.o
[20/67] Building CXX object CMakeFiles/graphx-config-tests.dir/tests/test_config.cpp.o
[21/67] Building CXX object CMakeFiles/graphx-tls-smoke.dir/tests/tls_smoke.cpp.o
[22/67] Building CXX object CMakeFiles/graphx-capture-fixture.dir/tests/capture_fixture.cpp.o
[23/67] Building CXX object _deps/yaml-cpp-build/CMakeFiles/yaml-cpp.dir/src/binary.cpp.o
[24/67] Building CXX object _deps/yaml-cpp-build/CMakeFiles/yaml-cpp.dir/src/depthguard.cpp.o
[25/67] Building CXX object _deps/yaml-cpp-build/CMakeFiles/yaml-cpp.dir/src/convert.cpp.o
[26/67] Building CXX object _deps/yaml-cpp-build/CMakeFiles/yaml-cpp.dir/src/directives.cpp.o
[27/67] Building CXX object CMakeFiles/graphx-capture-runtime-config.dir/tests/capture_runtime_config.cpp.o
[28/67] Building CXX object _deps/yaml-cpp-build/CMakeFiles/yaml-cpp.dir/src/emit.cpp.o
[29/67] Building CXX object _deps/yaml-cpp-build/CMakeFiles/yaml-cpp.dir/src/emitfromevents.cpp.o
[30/67] Building CXX object _deps/yaml-cpp-build/CMakeFiles/yaml-cpp.dir/src/emitter.cpp.o
[31/67] Building CXX object _deps/yaml-cpp-build/CMakeFiles/yaml-cpp.dir/src/exceptions.cpp.o
[32/67] Building CXX object _deps/yaml-cpp-build/CMakeFiles/yaml-cpp.dir/src/emitterstate.cpp.o
[33/67] Building CXX object _deps/yaml-cpp-build/CMakeFiles/yaml-cpp.dir/src/emitterutils.cpp.o
[34/67] Building CXX object _deps/yaml-cpp-build/CMakeFiles/yaml-cpp.dir/src/exp.cpp.o
[35/67] Building CXX object _deps/yaml-cpp-build/CMakeFiles/yaml-cpp.dir/src/fptostring.cpp.o
[36/67] Building CXX object _deps/yaml-cpp-build/CMakeFiles/yaml-cpp.dir/src/memory.cpp.o
[37/67] Building CXX object _deps/yaml-cpp-build/CMakeFiles/yaml-cpp.dir/src/node.cpp.o
[38/67] Building CXX object _deps/yaml-cpp-build/CMakeFiles/yaml-cpp.dir/src/node_data.cpp.o
[39/67] Building CXX object _deps/yaml-cpp-build/CMakeFiles/yaml-cpp.dir/src/null.cpp.o
[40/67] Building CXX object _deps/yaml-cpp-build/CMakeFiles/yaml-cpp.dir/src/nodebuilder.cpp.o
[41/67] Building CXX object CMakeFiles/graphx-tests.dir/tests/test_main.cpp.o
[42/67] Building CXX object _deps/yaml-cpp-build/CMakeFiles/yaml-cpp.dir/src/nodeevents.cpp.o
[43/67] Building CXX object _deps/yaml-cpp-build/CMakeFiles/yaml-cpp.dir/src/ostream_wrapper.cpp.o
[44/67] Building CXX object _deps/yaml-cpp-build/CMakeFiles/yaml-cpp.dir/src/regex_yaml.cpp.o
[45/67] Building CXX object _deps/yaml-cpp-build/CMakeFiles/yaml-cpp.dir/src/parse.cpp.o
[46/67] Building CXX object _deps/yaml-cpp-build/CMakeFiles/yaml-cpp.dir/src/parser.cpp.o
[47/67] Building CXX object _deps/yaml-cpp-build/CMakeFiles/yaml-cpp.dir/src/scanscalar.cpp.o
[48/67] Building CXX object _deps/yaml-cpp-build/CMakeFiles/yaml-cpp.dir/src/scantag.cpp.o
[49/67] Building CXX object _deps/yaml-cpp-build/CMakeFiles/yaml-cpp.dir/src/scanner.cpp.o
[50/67] Building CXX object _deps/yaml-cpp-build/CMakeFiles/yaml-cpp.dir/src/scantoken.cpp.o
[51/67] Building CXX object _deps/yaml-cpp-build/CMakeFiles/yaml-cpp.dir/src/stream.cpp.o
[52/67] Building CXX object _deps/yaml-cpp-build/CMakeFiles/yaml-cpp.dir/src/simplekey.cpp.o
[53/67] Building CXX object _deps/yaml-cpp-build/CMakeFiles/yaml-cpp.dir/src/tag.cpp.o
[54/67] Building CXX object _deps/yaml-cpp-build/CMakeFiles/yaml-cpp.dir/src/singledocparser.cpp.o
[55/67] Linking CXX static library _deps/yaml-cpp-build/libyaml-cppd.a
[56/67] Linking CXX static library libgraphx.a
[57/67] Linking CXX executable graphx-generator
[58/67] Linking CXX executable graphx-transform
[59/67] Linking CXX executable graphx-sink
[60/67] Linking CXX executable graphx-udp-publisher
[61/67] Linking CXX executable graphx-tests
[62/67] Linking CXX executable graphx
[63/67] Linking CXX executable graphx-capture-fixture
[64/67] Linking CXX executable graphx-tls-smoke
[65/67] Linking CXX executable graphx-config-tests
[66/67] Linking CXX executable graphx-udp-subscriber
[67/67] Linking CXX executable graphx-capture-runtime-config
Internal ctest changing into directory: /tmp/graphx-linux-portable-cxx23
Test project /tmp/graphx-linux-portable-cxx23
      Start  1: graphx-tests
 1/28 Test  #1: graphx-tests ........................   Passed    2.57 sec
      Start  2: graphx-config-tests
 2/28 Test  #2: graphx-config-tests .................   Passed    0.27 sec
      Start  3: graphx-tls-security
 3/28 Test  #3: graphx-tls-security .................   Passed    0.39 sec
      Start  4: graphx-capture-runtime-config
 4/28 Test  #4: graphx-capture-runtime-config .......   Passed    0.00 sec
      Start  5: graphx-extcap
 5/28 Test  #5: graphx-extcap .......................   Passed    0.43 sec
      Start  6: graphx-wireshark-dissector
 6/28 Test  #6: graphx-wireshark-dissector ..........   Passed    0.90 sec
      Start  7: graphx-config-cli
 7/28 Test  #7: graphx-config-cli ...................   Passed    0.01 sec
      Start  8: graphx-version
 8/28 Test  #8: graphx-version ......................   Passed    0.00 sec
      Start  9: graphx-release-contract
 9/28 Test  #9: graphx-release-contract .............   Passed    0.50 sec
      Start 10: graphx-package
10/28 Test #10: graphx-package ......................   Passed    2.96 sec
      Start 11: graphx-config-mixed-network
11/28 Test #11: graphx-config-mixed-network .........   Passed    0.00 sec
      Start 12: graphx-config-macvlan
12/28 Test #12: graphx-config-macvlan ...............   Passed    0.00 sec
      Start 13: graphx-config-ipvlan-l2
13/28 Test #13: graphx-config-ipvlan-l2 .............   Passed    0.01 sec
      Start 14: graphx-config-ipvlan-l3
14/28 Test #14: graphx-config-ipvlan-l3 .............   Passed    0.00 sec
      Start 15: graphx-config-shared-memory
15/28 Test #15: graphx-config-shared-memory .........   Passed    0.00 sec
      Start 16: graphx-config-udp-unicast
16/28 Test #16: graphx-config-udp-unicast ...........   Passed    0.00 sec
      Start 17: graphx-config-udp-broadcast
17/28 Test #17: graphx-config-udp-broadcast .........   Passed    0.00 sec
      Start 18: graphx-config-udp-multicast
18/28 Test #18: graphx-config-udp-multicast .........   Passed    0.00 sec
      Start 19: graphx-config-qemu-node
19/28 Test #19: graphx-config-qemu-node .............   Passed    0.00 sec
      Start 20: graphx-protocol-boundaries
20/28 Test #20: graphx-protocol-boundaries ..........   Passed    0.17 sec
      Start 21: graphx-mixed-version-transport
21/28 Test #21: graphx-mixed-version-transport ......   Passed    0.00 sec
      Start 22: graphx-transport-lifecycle-stress
22/28 Test #22: graphx-transport-lifecycle-stress ...   Passed    0.77 sec
      Start 23: graphx-udp-transport
23/28 Test #23: graphx-udp-transport ................   Passed    2.14 sec
      Start 24: graphx-udp-unicast-example
24/28 Test #24: graphx-udp-unicast-example ..........   Passed    0.66 sec
      Start 25: graphx-udp-multicast-example
25/28 Test #25: graphx-udp-multicast-example ........   Passed    0.66 sec
      Start 26: graphx-qemu-node-static
26/28 Test #26: graphx-qemu-node-static .............   Passed    1.10 sec
      Start 27: graphx-config-qemu-external
27/28 Test #27: graphx-config-qemu-external .........   Passed    0.01 sec
      Start 28: graphx-config-qemu-container
28/28 Test #28: graphx-config-qemu-container ........   Passed    0.00 sec

100% tests passed, 0 tests failed out of 28

Total Test time (real) =  13.57 sec

==> Build and test the supported C++20 configuration
-- The CXX compiler identification is GNU 13.3.0
-- Detecting CXX compiler ABI info
-- Detecting CXX compiler ABI info - done
-- Check for working CXX compiler: /usr/bin/c++ - skipped
-- Detecting CXX compile features
-- Detecting CXX compile features - done
-- Performing Test CMAKE_HAVE_LIBC_PTHREAD
-- Performing Test CMAKE_HAVE_LIBC_PTHREAD - Success
-- Found Threads: TRUE  
-- Found OpenSSL: /usr/lib/aarch64-linux-gnu/libcrypto.so (found suitable version "3.0.13", minimum required is "3")  
-- Found Python3: /usr/bin/python3 (found version "3.12.3") found components: Interpreter 
-- Configuring done (0.6s)
-- Generating done (0.0s)
-- Build files have been written to: /tmp/graphx-linux-portable-cxx20
[0/2] Re-checking globbed directories...
[1/67] Building CXX object CMakeFiles/graphx.dir/src/framing.cpp.o
[2/67] Building CXX object CMakeFiles/graphx.dir/src/capture.cpp.o
[3/67] Building CXX object CMakeFiles/graphx.dir/src/envelope.cpp.o
[4/67] Building CXX object CMakeFiles/graphx.dir/src/in_process_transport.cpp.o
[5/67] Building CXX object CMakeFiles/graphx.dir/src/network.cpp.o
[6/67] Building CXX object CMakeFiles/graphx.dir/src/infra.cpp.o
[7/67] Building CXX object CMakeFiles/graphx.dir/src/shared_memory_transport.cpp.o
[8/67] Building CXX object CMakeFiles/graphx.dir/src/observability.cpp.o
[9/67] Building CXX object CMakeFiles/graphx.dir/src/tcp_transport.cpp.o
[10/67] Building CXX object CMakeFiles/graphx.dir/src/unix_domain_socket_transport.cpp.o
[11/67] Building CXX object CMakeFiles/graphx.dir/src/udp_transport.cpp.o
[12/67] Building CXX object CMakeFiles/graphx.dir/src/config.cpp.o
[13/67] Building CXX object CMakeFiles/graphx.dir/src/transport_factory.cpp.o
[14/67] Building CXX object CMakeFiles/graphx-generator.dir/apps/generator/main.cpp.o
[15/67] Building CXX object CMakeFiles/graphx-transform.dir/apps/transform/main.cpp.o
[16/67] Building CXX object CMakeFiles/graphx-sink.dir/apps/sink/main.cpp.o
[17/67] Building CXX object CMakeFiles/graphx-udp-publisher.dir/apps/udp_publisher/main.cpp.o
[18/67] Building CXX object CMakeFiles/graphx-cli.dir/apps/cli/main.cpp.o
[19/67] Building CXX object CMakeFiles/graphx-udp-subscriber.dir/apps/udp_subscriber/main.cpp.o
[20/67] Building CXX object CMakeFiles/graphx-config-tests.dir/tests/test_config.cpp.o
[21/67] Building CXX object CMakeFiles/graphx-capture-fixture.dir/tests/capture_fixture.cpp.o
[22/67] Building CXX object CMakeFiles/graphx-tls-smoke.dir/tests/tls_smoke.cpp.o
[23/67] Building CXX object _deps/yaml-cpp-build/CMakeFiles/yaml-cpp.dir/src/binary.cpp.o
[24/67] Building CXX object _deps/yaml-cpp-build/CMakeFiles/yaml-cpp.dir/src/depthguard.cpp.o
[25/67] Building CXX object _deps/yaml-cpp-build/CMakeFiles/yaml-cpp.dir/src/directives.cpp.o
[26/67] Building CXX object _deps/yaml-cpp-build/CMakeFiles/yaml-cpp.dir/src/convert.cpp.o
[27/67] Building CXX object CMakeFiles/graphx-capture-runtime-config.dir/tests/capture_runtime_config.cpp.o
[28/67] Building CXX object _deps/yaml-cpp-build/CMakeFiles/yaml-cpp.dir/src/emit.cpp.o
[29/67] Building CXX object _deps/yaml-cpp-build/CMakeFiles/yaml-cpp.dir/src/emitfromevents.cpp.o
[30/67] Building CXX object _deps/yaml-cpp-build/CMakeFiles/yaml-cpp.dir/src/emitter.cpp.o
[31/67] Building CXX object _deps/yaml-cpp-build/CMakeFiles/yaml-cpp.dir/src/emitterstate.cpp.o
[32/67] Building CXX object _deps/yaml-cpp-build/CMakeFiles/yaml-cpp.dir/src/exceptions.cpp.o
[33/67] Building CXX object _deps/yaml-cpp-build/CMakeFiles/yaml-cpp.dir/src/emitterutils.cpp.o
[34/67] Building CXX object _deps/yaml-cpp-build/CMakeFiles/yaml-cpp.dir/src/exp.cpp.o
[35/67] Building CXX object _deps/yaml-cpp-build/CMakeFiles/yaml-cpp.dir/src/fptostring.cpp.o
[36/67] Building CXX object _deps/yaml-cpp-build/CMakeFiles/yaml-cpp.dir/src/memory.cpp.o
[37/67] Building CXX object _deps/yaml-cpp-build/CMakeFiles/yaml-cpp.dir/src/node.cpp.o
[38/67] Building CXX object _deps/yaml-cpp-build/CMakeFiles/yaml-cpp.dir/src/node_data.cpp.o
[39/67] Building CXX object _deps/yaml-cpp-build/CMakeFiles/yaml-cpp.dir/src/null.cpp.o
[40/67] Building CXX object _deps/yaml-cpp-build/CMakeFiles/yaml-cpp.dir/src/nodebuilder.cpp.o
[41/67] Building CXX object _deps/yaml-cpp-build/CMakeFiles/yaml-cpp.dir/src/nodeevents.cpp.o
[42/67] Building CXX object CMakeFiles/graphx-tests.dir/tests/test_main.cpp.o
[43/67] Building CXX object _deps/yaml-cpp-build/CMakeFiles/yaml-cpp.dir/src/ostream_wrapper.cpp.o
[44/67] Building CXX object _deps/yaml-cpp-build/CMakeFiles/yaml-cpp.dir/src/regex_yaml.cpp.o
[45/67] Building CXX object _deps/yaml-cpp-build/CMakeFiles/yaml-cpp.dir/src/parse.cpp.o
[46/67] Building CXX object _deps/yaml-cpp-build/CMakeFiles/yaml-cpp.dir/src/parser.cpp.o
[47/67] Building CXX object _deps/yaml-cpp-build/CMakeFiles/yaml-cpp.dir/src/scanscalar.cpp.o
[48/67] Building CXX object _deps/yaml-cpp-build/CMakeFiles/yaml-cpp.dir/src/scantag.cpp.o
[49/67] Building CXX object _deps/yaml-cpp-build/CMakeFiles/yaml-cpp.dir/src/scanner.cpp.o
[50/67] Building CXX object _deps/yaml-cpp-build/CMakeFiles/yaml-cpp.dir/src/scantoken.cpp.o
[51/67] Building CXX object _deps/yaml-cpp-build/CMakeFiles/yaml-cpp.dir/src/stream.cpp.o
[52/67] Building CXX object _deps/yaml-cpp-build/CMakeFiles/yaml-cpp.dir/src/simplekey.cpp.o
[53/67] Building CXX object _deps/yaml-cpp-build/CMakeFiles/yaml-cpp.dir/src/singledocparser.cpp.o
[54/67] Building CXX object _deps/yaml-cpp-build/CMakeFiles/yaml-cpp.dir/src/tag.cpp.o
[55/67] Linking CXX static library _deps/yaml-cpp-build/libyaml-cppd.a
[56/67] Linking CXX static library libgraphx.a
[57/67] Linking CXX executable graphx-udp-publisher
[58/67] Linking CXX executable graphx-sink
[59/67] Linking CXX executable graphx-generator
[60/67] Linking CXX executable graphx-transform
[61/67] Linking CXX executable graphx-tests
[62/67] Linking CXX executable graphx
[63/67] Linking CXX executable graphx-tls-smoke
[64/67] Linking CXX executable graphx-capture-fixture
[65/67] Linking CXX executable graphx-udp-subscriber
[66/67] Linking CXX executable graphx-config-tests
[67/67] Linking CXX executable graphx-capture-runtime-config
Internal ctest changing into directory: /tmp/graphx-linux-portable-cxx20
Test project /tmp/graphx-linux-portable-cxx20
      Start  1: graphx-tests
 1/28 Test  #1: graphx-tests ........................   Passed    2.55 sec
      Start  2: graphx-config-tests
 2/28 Test  #2: graphx-config-tests .................   Passed    0.16 sec
      Start  3: graphx-tls-security
 3/28 Test  #3: graphx-tls-security .................   Passed    0.42 sec
      Start  4: graphx-capture-runtime-config
 4/28 Test  #4: graphx-capture-runtime-config .......   Passed    0.00 sec
      Start  5: graphx-extcap
 5/28 Test  #5: graphx-extcap .......................   Passed    0.44 sec
      Start  6: graphx-wireshark-dissector
 6/28 Test  #6: graphx-wireshark-dissector ..........   Passed    0.85 sec
      Start  7: graphx-config-cli
 7/28 Test  #7: graphx-config-cli ...................   Passed    0.01 sec
      Start  8: graphx-version
 8/28 Test  #8: graphx-version ......................   Passed    0.00 sec
      Start  9: graphx-release-contract
 9/28 Test  #9: graphx-release-contract .............   Passed    0.48 sec
      Start 10: graphx-package
10/28 Test #10: graphx-package ......................   Passed    2.94 sec
      Start 11: graphx-config-mixed-network
11/28 Test #11: graphx-config-mixed-network .........   Passed    0.00 sec
      Start 12: graphx-config-macvlan
12/28 Test #12: graphx-config-macvlan ...............   Passed    0.00 sec
      Start 13: graphx-config-ipvlan-l2
13/28 Test #13: graphx-config-ipvlan-l2 .............   Passed    0.01 sec
      Start 14: graphx-config-ipvlan-l3
14/28 Test #14: graphx-config-ipvlan-l3 .............   Passed    0.00 sec
      Start 15: graphx-config-shared-memory
15/28 Test #15: graphx-config-shared-memory .........   Passed    0.00 sec
      Start 16: graphx-config-udp-unicast
16/28 Test #16: graphx-config-udp-unicast ...........   Passed    0.00 sec
      Start 17: graphx-config-udp-broadcast
17/28 Test #17: graphx-config-udp-broadcast .........   Passed    0.00 sec
      Start 18: graphx-config-udp-multicast
18/28 Test #18: graphx-config-udp-multicast .........   Passed    0.00 sec
      Start 19: graphx-config-qemu-node
19/28 Test #19: graphx-config-qemu-node .............   Passed    0.00 sec
      Start 20: graphx-protocol-boundaries
20/28 Test #20: graphx-protocol-boundaries ..........   Passed    0.17 sec
      Start 21: graphx-mixed-version-transport
21/28 Test #21: graphx-mixed-version-transport ......   Passed    0.00 sec
      Start 22: graphx-transport-lifecycle-stress
22/28 Test #22: graphx-transport-lifecycle-stress ...   Passed    0.79 sec
      Start 23: graphx-udp-transport
23/28 Test #23: graphx-udp-transport ................   Passed    1.92 sec
      Start 24: graphx-udp-unicast-example
24/28 Test #24: graphx-udp-unicast-example ..........   Passed    0.67 sec
      Start 25: graphx-udp-multicast-example
25/28 Test #25: graphx-udp-multicast-example ........   Passed    0.66 sec
      Start 26: graphx-qemu-node-static
26/28 Test #26: graphx-qemu-node-static .............   Passed    1.13 sec
      Start 27: graphx-config-qemu-external
27/28 Test #27: graphx-config-qemu-external .........   Passed    0.01 sec
      Start 28: graphx-config-qemu-container
28/28 Test #28: graphx-config-qemu-container ........   Passed    0.00 sec

100% tests passed, 0 tests failed out of 28

Total Test time (real) =  13.24 sec

==> Validate and inspect every checked-in topology
/workspace/graphx.yaml: valid GraphX configuration version 1 (3 nodes, 2 edges, 1 networks)
/workspace/examples/ipvlan-l2/graphx.yaml: valid GraphX configuration version 1 (3 nodes, 2 edges, 3 networks)
/workspace/examples/ipvlan-l3/graphx.yaml: valid GraphX configuration version 1 (3 nodes, 2 edges, 1 networks)
/workspace/examples/macvlan/graphx.yaml: valid GraphX configuration version 1 (3 nodes, 2 edges, 1 networks)
/workspace/examples/mixed-network/graphx.yaml: valid GraphX configuration version 1 (3 nodes, 2 edges, 2 networks)
/workspace/examples/qemu-node/graphx.yaml: valid GraphX configuration version 1 (3 nodes, 4 edges, 1 networks)
/workspace/examples/shared-memory/graphx.yaml: valid GraphX configuration version 1 (3 nodes, 2 edges, 0 networks)
/workspace/examples/udp-broadcast/graphx.yaml: valid GraphX configuration version 1 (2 nodes, 1 edges, 0 networks)
/workspace/examples/udp-multicast/graphx.yaml: valid GraphX configuration version 1 (2 nodes, 1 edges, 0 networks)
/workspace/examples/udp-unicast/graphx.yaml: valid GraphX configuration version 1 (2 nodes, 1 edges, 0 networks)

==> Run the finite local TCP pipeline

==> Verify coordinated SIGTERM shutdown

==> Run the finite shared-memory process pipeline

==> Run bounded UDP unicast and multicast examples

==> Build the web console and exercise telemetry HTTP semantics

added 7 packages in 386ms
npm notice
npm notice New major version of npm available! 11.19.0 -> 12.0.2
npm notice Changelog: https://github.com/npm/cli/releases/tag/v12.0.2
npm notice To update run: npm install -g npm@12.0.2
npm notice

> graphx-telemetry@1.0.0 test
> node --test *.test.mjs

✔ capture downloads are bounded and reject symlink traversal (122.334993ms)
✔ capture catalog bounds filesystem work and snapshot payloads without gating downloads (97.976003ms)
✔ invalid capture deployment limits fail before listeners start (148.416616ms)
✔ capture validation and streaming retain the same descriptor across rename (2.040051ms)
✔ capture validation rejects hardlinks and FIFOs without blocking (2.185011ms)
✔ capture validation accepts bounded initial blocks larger than 512 bytes (0.879962ms)
✔ capture validation rejects incomplete and inconsistent packet blocks (0.889045ms)
✔ capture catalog bounds directory work and returns sorted truncation metadata (2.265677ms)
✔ capture environment booleans, providers, and required paths fail closed (145.238517ms)
✔ telemetry rejects quoted capture types from YAML (194.761668ms)
✔ capture JSON schema matches native conditional and scalar semantics (4.640897ms)
✔ UDP JSON schema enforces scalar types and numeric boundaries (0.650878ms)
✔ raw external edge and runtime metadata pass structural schema checks (1.378215ms)
✔ authorized control API enforces scope, correlation, idempotency, timeout, and audit (2487.767591ms)
✔ runtime rejection cannot expose configured credentials in commands, audit, history, or logs (406.49679ms)
✔ file-only rotation filters candidate and retired credentials before fan-out (2603.912013ms)
✔ collector rejects ambiguous legacy and policy credential models (56.016889ms)
✔ collector fails readiness and control closed on cross-domain credential reuse (68.740074ms)
✔ control configuration has strict bounded defaults (1.854217ms)
✔ runtime identity manifest requires a distinct secret for every topology node (1.127047ms)
✔ versioned policy authorizes action and node scopes without exposing tokens (0.776337ms)
✔ atomic policy rotation reloads credentials and malformed rotation fails closed (0.718295ms)
✔ credential registry rejects cross-domain reuse and recovers atomically after rotation (1.669341ms)
✔ credential registry filters active and retired values through a bounded rotation overlap (1.044297ms)
✔ previous credential manifest is restart-safe, redaction-only, bounded, and expires (0.981047ms)
✔ previous credential manifest validation fails closed without exposing values (0.806671ms)
✔ previous credential cross-role collision and combined capacity fail closed (1.072463ms)
✔ credential redaction overlap capacity fails closed (0.206751ms)
✔ credential registry detects every supported cross-domain role pairing (0.771171ms)
✔ commands have identity, target acknowledgement, timeout, and idempotency semantics (0.64542ms)
✔ bounded command and audit state reject overflow and redact credentials (0.532877ms)
✔ runtime rejection stores only allow-listed error codes in commands and audit (0.683003ms)
✔ legacy token remains an explicit all-node compatibility principal (0.069334ms)
✔ history configuration and query filters are strict and bounded (2.128927ms)
✔ SQLite history persists across restart and uses stable bounded pagination (139.272781ms)
✔ control audit metadata survives history restart without credentials (78.622453ms)
✔ history applies reduced age and count retention before a reopened store is ready (92.911355ms)
✔ idle maintenance removes expired rows and queries never expose them (66.182395ms)
✔ idle maintenance failure degrades history without blocking the service thread (158.693373ms)
✔ history write queue drops newest records at configured item capacity (43.980874ms)
✔ SQLite write failure degrades history and discards queued work without blocking (57.049227ms)
✔ history rejects an existing database above a reduced main-file limit (90.658385ms)
✔ history shutdown deadline bounds a worker blocked by another SQLite writer (137.796232ms)
✔ history rejects newer schemas and databases owned by another graph (82.054428ms)
✔ telemetry startup rejects history configuration rejected by the authoritative loader (170.444386ms)
✔ authenticated history API survives abrupt restart and degrades independently (315.680237ms)
✔ graph readiness reports stale nodes and disconnected edges separately (1.164297ms)
✔ SLO evaluator warms up, evaluates objectives, and bounds its window (0.566086ms)
✔ OTLP JSON uses standard paths, hexadecimal identifiers, and decimal nanoseconds (0.833879ms)
✔ OTLP fallback identifiers remain non-zero when entropy returns reserved zero values (0.31271ms)
✔ operations dashboard keeps ratios, seconds, rates, and queue depth on separate panels (0.377501ms)
✔ OTLP configuration rejects credentials and insecure remote endpoints (0.451419ms)
✔ bounded OTLP exporter posts JSON and records partial success (17.094288ms)
✔ OTLP exporter retries transient status with bounded backoff and not permanent errors (23.625737ms)
✔ OTLP exporter recovers when a refused collector starts during bounded retry (65.912061ms)
✔ OTLP exporter preserves queue limits while an active item waits for retry (11.581763ms)
✔ OTLP exporter enforces byte capacity before opening a request (0.496627ms)
✔ OTLP exporter bounds response bodies and request time (105.57733ms)
✔ OTLP absolute deadline defeats a response that continuously trickles bytes (113.303659ms)
✔ OTLP shutdown interrupts retry backoff without recording a terminal failure (34.243703ms)
✔ OTLP private CA and mTLS accept a client certificate and reject its absence (310.191878ms)
✔ telemetry service converts validated UDP events to authenticated OTLP (68.524697ms)
✔ QEMU packet observations remain raw and drive the shared topology (251.211558ms)
✔ HMAC envelope authenticates once and rejects tampering, replay, and stale timestamps (2.816805ms)
✔ secrets and bearer tokens enforce minimum length and constant-time comparison shape (0.32821ms)
✔ telemetry validation rejects unknown identities and unbounded values (0.216251ms)
✔ passive network packet events are bounded and explicitly identified (0.122126ms)
✔ control acknowledgements require correlated bounded command identity and state (0.144625ms)
✔ control acknowledgement sanitization retains only protocol error codes (0.262459ms)
✔ telemetry sanitization removes credentials and unknown fields before fan-out (0.172918ms)
✔ browser WebSocket bearer subprotocol is decoded (0.155668ms)
✔ documented loopback browser origins are independently allow-listed (0.078834ms)
✔ rate limiter enforces capacity, isolation, expiry, and request counts (0.184626ms)
✔ request URL parsing is total for malformed untrusted targets (0.096917ms)
✔ secret files accept one trailing newline and remain bounded (7.899371ms)
✔ telemetry survives malformed HTTP and WebSocket request targets (110.923314ms)
ℹ tests 76
ℹ suites 0
ℹ pass 76
ℹ fail 0
ℹ cancelled 0
ℹ skipped 0
ℹ todo 0
ℹ duration_ms 5676.550899

added 130 packages in 2s
npm warn install-scripts 1 package has install scripts not yet covered by allowScripts:
npm warn install-scripts   esbuild@0.25.12 (postinstall: node install.js)
npm warn install-scripts
npm warn install-scripts Run `npm install-scripts ls` to review, or `npm install-scripts approve <pkg>` to allow.

> graphx-console@1.0.0 test
> node --test src/*.test.mjs

✔ observation credentials use bearer headers and UTF-8 WebSocket subprotocols (0.767045ms)
✔ command requests carry bounded intent and an idempotency identity (0.107917ms)
✔ observation persistence is session-scoped through the supplied storage (0.074ms)
✔ every control action, including reset, carries only the in-memory bearer (0.106334ms)
✔ command status requests retain the in-memory control bearer (1.43359ms)
✔ mounted control status reconciles pending commands to terminal state and stops polling (312.558681ms)
✔ history pages append without duplicates and newest refresh replaces only when requested (0.657837ms)
✔ only the latest history request may update console state (0.076375ms)
✔ mounted history paging pauses refresh and ignores reordered responses (187.880801ms)
✔ QEMU raw topology preserves deployment and observation metadata (0.814254ms)
✔ QEMU deployment hierarchy remains distinct in the network view (0.135792ms)
✔ QEMU deployment state transitions remain layer-specific (0.143543ms)
✔ nodes awaiting asynchronous layout always have an initial React Flow position (0.679545ms)
ℹ tests 13
ℹ suites 0
ℹ pass 13
ℹ fail 0
ℹ cancelled 0
ℹ skipped 0
ℹ todo 0
ℹ duration_ms 671.184369

> graphx-console@1.0.0 build
> vite build

vite v6.4.3 building for production...
transforming...
✓ 1756 modules transformed.
rendering chunks...
computing gzip size...
dist/index.html                     0.51 kB │ gzip:   0.32 kB
dist/assets/index-KRb-fWRR.css     26.89 kB │ gzip:   5.64 kB
dist/assets/index-BsBbgyWk.js   1,858.80 kB │ gzip: 572.04 kB

(!) Some chunks are larger than 500 kB after minification. Consider:
- Using dynamic import() to code-split the application
- Use build.rollupOptions.output.manualChunks to improve chunking: https://rollupjs.org/configuration-options/#output-manualchunks
- Adjust chunk size limit for this warning via build.chunkSizeWarningLimit.
✓ built in 4.71s

==> Verify authenticated pause and resume against the real TCP runtime

==> Verify HTTPS, observation authentication, API methods, and secure bind defaults

==> Portable feature suite passed
PASS: GraphX Linux verifier mode 'portable'
evidence=/evidence/portable-20260906T151631Z.log
