WARNING: DOCKER_INSECURE_NO_IPTABLES_RAW is set
Building Linux verifier image: graphx-linux-verifier:local
#0 building with "orbstack" instance using docker driver

#1 [internal] load build definition from linux-verifier.Dockerfile
#1 transferring dockerfile: 2.35kB done
#1 DONE 0.0s

#2 resolve image config for docker-image://docker.io/docker/dockerfile:1.7
#2 DONE 0.1s

#3 docker-image://docker.io/docker/dockerfile:1.7@sha256:a57df69d0ea827fb7266491f2813635de6f17269be881f696fbfdf2d83dda33e
#3 CACHED

#4 [internal] load metadata for docker.io/library/ubuntu:24.04@sha256:33ceb71981b602c1a7443a53469e4dba065f7503eab3078a2d7a57a2ab987517
#4 DONE 0.0s

#5 [auth] library/node:pull token for registry-1.docker.io
#5 DONE 0.0s

#6 [internal] load metadata for docker.io/library/node:24-bookworm-slim@sha256:ba849c60be29959425b8734d57b8b4b7d56f98edd9504c9af091d5281095a71e
#6 DONE 0.2s

#7 [internal] load .dockerignore
#7 transferring context: 222B done
#7 DONE 0.0s

#8 [node-runtime 1/1] FROM docker.io/library/node:24-bookworm-slim@sha256:ba849c60be29959425b8734d57b8b4b7d56f98edd9504c9af091d5281095a71e
#8 DONE 0.0s

#9 [stage-1 1/8] FROM docker.io/library/ubuntu:24.04@sha256:33ceb71981b602c1a7443a53469e4dba065f7503eab3078a2d7a57a2ab987517
#9 DONE 0.0s

#10 [internal] load build context
#10 transferring context: 4.24MB 0.1s done
#10 DONE 0.1s

#11 [stage-1 5/8] RUN --mount=type=secret,id=graphx_ca,required=false     --mount=type=secret,id=graphx_cert_installer,required=false     /usr/bin/bash /usr/local/libexec/graphx-install-build-trust
#11 CACHED

#12 [stage-1 2/8] COPY --from=node-runtime /usr/local/ /usr/local/
#12 CACHED

#13 [stage-1 3/8] RUN apt-get update  && apt-get install -y --no-install-recommends bash ca-certificates curl gnupg  && rm -rf /var/lib/apt/lists/*
#13 CACHED

#14 [stage-1 4/8] COPY docker/install-build-trust.sh /usr/local/libexec/graphx-install-build-trust
#14 CACHED

#15 [stage-1 6/8] RUN curl --fail --silent --show-error       https://apt.llvm.org/llvm-snapshot.gpg.key       --output /tmp/llvm-snapshot.gpg.key  && test "$(gpg --show-keys --with-colons /tmp/llvm-snapshot.gpg.key       | awk -F: '$1 == "fpr" { print $10; exit }')"       = "6084F3CF814B57C1CF12EFD515CF4D18AF4F7421"  && gpg --dearmor < /tmp/llvm-snapshot.gpg.key       > /usr/share/keyrings/apt.llvm.org.gpg  && echo "deb [signed-by=/usr/share/keyrings/apt.llvm.org.gpg] https://apt.llvm.org/noble/ llvm-toolchain-noble-21 main"       > /etc/apt/sources.list.d/llvm-21.list  && rm /tmp/llvm-snapshot.gpg.key  && apt-get update  && apt-get install -y --no-install-recommends       build-essential clang-21 clang-tools-21 clang-format-21 clang-tidy-21       cmake cppcheck git libclang-rt-21-dev libfuzzer-21-dev libssl-dev llvm-21       ninja-build openssl pkg-config python3 tshark xxd  && rm -rf /var/lib/apt/lists/*
#15 CACHED

#16 [stage-1 7/8] WORKDIR /workspace
#16 CACHED

#17 [stage-1 8/8] COPY . .
#17 DONE 0.1s

#18 exporting to image
#18 exporting layers 0.1s done
#18 writing image sha256:d61e2494cbb515ad71472c518fb136912c1341b7a2c620730394ab947547765e done
#18 naming to docker.io/library/graphx-linux-verifier:local done
#18 DONE 0.1s

View build details: docker-desktop://dashboard/build/orbstack/orbstack/fn7i6kofmm22phx7ykbbuq59i
Running Linux verifier mode: tls
Evidence directory: /Users/rklinkhammer/workspace/graphx-docker/outputs/linux-container
GraphX Linux verifier
mode=tls
run_id=20260906T151158Z
architecture=aarch64
kernel=Linux 7.0.14-orbstack-00380-ga7e0a2dc9535
openssl=OpenSSL 3.0.13 30 Jan 2024 (Library: OpenSSL 3.0.13 30 Jan 2024)
cmake=cmake version 3.28.3
compiler=g++ (Ubuntu 13.3.0-6ubuntu2~24.04.1) 13.3.0
node=v24.20.0
npm=11.19.0
-- The CXX compiler identification is GNU 13.3.0
-- Detecting CXX compiler ABI info
-- Detecting CXX compiler ABI info - done
-- Check for working CXX compiler: /usr/bin/c++ - skipped
-- Detecting CXX compile features
-- Detecting CXX compile features - done
-- Performing Test CMAKE_HAVE_LIBC_PTHREAD
-- Performing Test CMAKE_HAVE_LIBC_PTHREAD - Success
-- Found Threads: TRUE  
-- Found OpenSSL: /usr/lib/aarch64-linux-gnu/libcrypto.so (found suitable version "3.0.13", minimum required is "3")  
-- Found Python3: /usr/bin/python3 (found version "3.12.3") found components: Interpreter 
-- Configuring done (0.7s)
-- Generating done (0.0s)
-- Build files have been written to: /tmp/graphx-linux-tls
[0/2] Re-checking globbed directories...
[1/47] Building CXX object CMakeFiles/graphx.dir/src/framing.cpp.o
[2/47] Building CXX object CMakeFiles/graphx.dir/src/capture.cpp.o
[3/47] Building CXX object CMakeFiles/graphx.dir/src/envelope.cpp.o
[4/47] Building CXX object CMakeFiles/graphx.dir/src/in_process_transport.cpp.o
[5/47] Building CXX object CMakeFiles/graphx.dir/src/network.cpp.o
[6/47] Building CXX object CMakeFiles/graphx.dir/src/infra.cpp.o
[7/47] Building CXX object CMakeFiles/graphx.dir/src/shared_memory_transport.cpp.o
[8/47] Building CXX object CMakeFiles/graphx.dir/src/observability.cpp.o
[9/47] Building CXX object CMakeFiles/graphx.dir/src/tcp_transport.cpp.o
[10/47] Building CXX object CMakeFiles/graphx.dir/src/unix_domain_socket_transport.cpp.o
[11/47] Building CXX object CMakeFiles/graphx.dir/src/udp_transport.cpp.o
[12/47] Building CXX object _deps/yaml-cpp-build/CMakeFiles/yaml-cpp.dir/src/binary.cpp.o
[13/47] Building CXX object CMakeFiles/graphx.dir/src/config.cpp.o
[14/47] Building CXX object CMakeFiles/graphx.dir/src/transport_factory.cpp.o
[15/47] Building CXX object _deps/yaml-cpp-build/CMakeFiles/yaml-cpp.dir/src/depthguard.cpp.o
[16/47] Building CXX object _deps/yaml-cpp-build/CMakeFiles/yaml-cpp.dir/src/directives.cpp.o
[17/47] Building CXX object _deps/yaml-cpp-build/CMakeFiles/yaml-cpp.dir/src/convert.cpp.o
[18/47] Building CXX object _deps/yaml-cpp-build/CMakeFiles/yaml-cpp.dir/src/emit.cpp.o
[19/47] Building CXX object _deps/yaml-cpp-build/CMakeFiles/yaml-cpp.dir/src/emitfromevents.cpp.o
[20/47] Building CXX object _deps/yaml-cpp-build/CMakeFiles/yaml-cpp.dir/src/emitter.cpp.o
[21/47] Building CXX object CMakeFiles/graphx-tls-smoke.dir/tests/tls_smoke.cpp.o
[22/47] Building CXX object _deps/yaml-cpp-build/CMakeFiles/yaml-cpp.dir/src/emitterstate.cpp.o
[23/47] Building CXX object _deps/yaml-cpp-build/CMakeFiles/yaml-cpp.dir/src/exceptions.cpp.o
[24/47] Building CXX object _deps/yaml-cpp-build/CMakeFiles/yaml-cpp.dir/src/emitterutils.cpp.o
[25/47] Building CXX object _deps/yaml-cpp-build/CMakeFiles/yaml-cpp.dir/src/exp.cpp.o
[26/47] Building CXX object _deps/yaml-cpp-build/CMakeFiles/yaml-cpp.dir/src/fptostring.cpp.o
[27/47] Building CXX object _deps/yaml-cpp-build/CMakeFiles/yaml-cpp.dir/src/memory.cpp.o
[28/47] Building CXX object _deps/yaml-cpp-build/CMakeFiles/yaml-cpp.dir/src/node.cpp.o
[29/47] Building CXX object _deps/yaml-cpp-build/CMakeFiles/yaml-cpp.dir/src/null.cpp.o
[30/47] Building CXX object _deps/yaml-cpp-build/CMakeFiles/yaml-cpp.dir/src/node_data.cpp.o
[31/47] Building CXX object _deps/yaml-cpp-build/CMakeFiles/yaml-cpp.dir/src/ostream_wrapper.cpp.o
[32/47] Building CXX object _deps/yaml-cpp-build/CMakeFiles/yaml-cpp.dir/src/nodebuilder.cpp.o
[33/47] Building CXX object _deps/yaml-cpp-build/CMakeFiles/yaml-cpp.dir/src/nodeevents.cpp.o
[34/47] Building CXX object _deps/yaml-cpp-build/CMakeFiles/yaml-cpp.dir/src/regex_yaml.cpp.o
[35/47] Building CXX object _deps/yaml-cpp-build/CMakeFiles/yaml-cpp.dir/src/parse.cpp.o
[36/47] Building CXX object _deps/yaml-cpp-build/CMakeFiles/yaml-cpp.dir/src/parser.cpp.o
[37/47] Building CXX object _deps/yaml-cpp-build/CMakeFiles/yaml-cpp.dir/src/scanner.cpp.o
[38/47] Building CXX object _deps/yaml-cpp-build/CMakeFiles/yaml-cpp.dir/src/scanscalar.cpp.o
[39/47] Building CXX object _deps/yaml-cpp-build/CMakeFiles/yaml-cpp.dir/src/scantag.cpp.o
[40/47] Building CXX object _deps/yaml-cpp-build/CMakeFiles/yaml-cpp.dir/src/scantoken.cpp.o
[41/47] Building CXX object _deps/yaml-cpp-build/CMakeFiles/yaml-cpp.dir/src/simplekey.cpp.o
[42/47] Building CXX object _deps/yaml-cpp-build/CMakeFiles/yaml-cpp.dir/src/stream.cpp.o
[43/47] Building CXX object _deps/yaml-cpp-build/CMakeFiles/yaml-cpp.dir/src/singledocparser.cpp.o
[44/47] Building CXX object _deps/yaml-cpp-build/CMakeFiles/yaml-cpp.dir/src/tag.cpp.o
[45/47] Linking CXX static library _deps/yaml-cpp-build/libyaml-cppd.a
[46/47] Linking CXX static library libgraphx.a
[47/47] Linking CXX executable graphx-tls-smoke
Internal ctest changing into directory: /tmp/graphx-linux-tls
UpdateCTestConfiguration  from :/tmp/graphx-linux-tls/DartConfiguration.tcl
UpdateCTestConfiguration  from :/tmp/graphx-linux-tls/DartConfiguration.tcl
Test project /tmp/graphx-linux-tls
Constructing a list of tests
Done constructing a list of tests
Updating test list for fixtures
Added 0 tests to meet fixture requirements
Checking test dependency graph...
Checking test dependency graph end
test 3
    Start 3: graphx-tls-security

3: Test command: /usr/bin/bash "/workspace/scripts/test-tls.sh" "/tmp/graphx-linux-tls/graphx-tls-smoke"
3: Working Directory: /tmp/graphx-linux-tls
3: Test timeout computed to be: 15
1/1 Test #3: graphx-tls-security ..............   Passed    2.33 sec

The following tests passed:
	graphx-tls-security

100% tests passed, 0 tests failed out of 1

Total Test time (real) =   2.33 sec
PASS: GraphX Linux verifier mode 'tls'
evidence=/evidence/tls-20260906T151158Z.log
