4f832649a9bfbb1698f0f4994d902ac47e5b4582979cc8002f606c58736529d5
2a8b5420a9f02771faa6974d05f0fa225becbc744ee9add8fd2339996df03057
 Image graphx-ovs:latest Building 
#1 [internal] load local bake definitions
#1 reading from stdin 787B done
#1 DONE 0.0s

#2 [internal] load build definition from Dockerfile
#2 transferring dockerfile: 792B done
#2 DONE 0.0s

#3 resolve image config for docker-image://docker.io/docker/dockerfile:1.7
#3 DONE 0.2s

#4 docker-image://docker.io/docker/dockerfile:1.7@sha256:a57df69d0ea827fb7266491f2813635de6f17269be881f696fbfdf2d83dda33e
#4 CACHED

#5 [internal] load metadata for docker.io/library/ubuntu:24.04
#5 DONE 0.0s

#6 [internal] load .dockerignore
#6 transferring context: 222B done
#6 DONE 0.0s

#7 [stage-0 1/5] FROM docker.io/library/ubuntu:24.04
#7 DONE 0.0s

#8 [internal] load build context
#8 transferring context: 151B 0.0s done
#8 DONE 0.0s

#9 [stage-0 2/5] RUN apt-get update  && DEBIAN_FRONTEND=noninteractive apt-get install -y --no-install-recommends       bash ca-certificates curl iproute2 iputils-ping nftables openvswitch-switch tcpdump tshark  && rm -rf /var/lib/apt/lists/*
#9 CACHED

#10 [stage-0 3/5] COPY docker/install-build-trust.sh /usr/local/libexec/graphx-install-build-trust
#10 CACHED

#11 [stage-0 4/5] RUN --mount=type=secret,id=graphx_ca,required=false     --mount=type=secret,id=graphx_cert_installer,required=false     /usr/bin/bash /usr/local/libexec/graphx-install-build-trust
#11 DONE 0.1s

#12 [stage-0 5/5] COPY docker/ovs/entrypoint.sh /usr/local/bin/graphx-ovs
#12 DONE 0.0s

#13 exporting to image
#13 exporting layers 0.0s done
#13 writing image sha256:c934d517d2c316e2b5fc9e878ea2cb3d9e7f3f89a2fef552dda837515e327bcd done
#13 naming to docker.io/library/graphx-ovs:latest done
#13 DONE 0.0s

#14 resolving provenance for metadata file
#14 DONE 0.0s
 Image graphx-ovs:latest Built 
 Container gx-ovs-ovs-router-1 Creating 
 Container gx-ovs-ovs-router-1 Created 
 Container gx-ovs-ovs-router-1 Starting 
 Container gx-ovs-ovs-router-1 Started 
 Image graphx-demo:latest Building 
#1 [internal] load local bake definitions
#1 reading from stdin 779B done
#1 DONE 0.0s

#2 [internal] load build definition from Dockerfile
#2 transferring dockerfile: 2.65kB done
#2 DONE 0.0s

#3 resolve image config for docker-image://docker.io/docker/dockerfile:1.7
#3 DONE 0.1s

#4 docker-image://docker.io/docker/dockerfile:1.7@sha256:a57df69d0ea827fb7266491f2813635de6f17269be881f696fbfdf2d83dda33e
#4 CACHED

#5 [auth] library/debian:pull token for registry-1.docker.io
#5 DONE 0.0s

#6 [internal] load metadata for docker.io/library/debian:bookworm-slim@sha256:88200866dfff7ea7f5cbcb6ec7c8a701889efe6fe859fe64d6990e4b07ea4171
#6 DONE 0.3s

#7 [internal] load .dockerignore
#7 transferring context: 222B done
#7 DONE 0.0s

#8 [stage-1  1/11] FROM docker.io/library/debian:bookworm-slim@sha256:88200866dfff7ea7f5cbcb6ec7c8a701889efe6fe859fe64d6990e4b07ea4171
#8 DONE 0.0s

#9 [internal] load build context
#9 transferring context: 3.31MB 0.1s done
#9 DONE 0.1s

#10 [build  8/17] COPY cmake cmake
#10 CACHED

#11 [build 11/17] COPY apps apps
#11 CACHED

#12 [build  9/17] COPY include include
#12 CACHED

#13 [stage-1  5/11] COPY --from=build /src/build/graphx-generator /usr/local/bin/
#13 CACHED

#14 [build  5/17] WORKDIR /src
#14 CACHED

#15 [build 14/17] COPY tools tools
#15 CACHED

#16 [stage-1  7/11] COPY --from=build /src/build/graphx-sink /usr/local/bin/
#16 CACHED

#17 [build 13/17] COPY docs docs
#17 CACHED

#18 [build  3/17] COPY docker/install-build-trust.sh /usr/local/libexec/graphx-install-build-trust
#18 CACHED

#19 [build 12/17] COPY config config
#19 CACHED

#20 [stage-1  9/11] COPY --from=build /src/build/graphx-udp-subscriber /usr/local/bin/
#20 CACHED

#21 [stage-1  3/11] COPY --from=build /etc/ssl/certs/ca-certificates.crt /etc/ssl/certs/ca-certificates.crt
#21 CACHED

#22 [build  4/17] RUN --mount=type=secret,id=graphx_ca,required=false     --mount=type=secret,id=graphx_cert_installer,required=false     /usr/bin/bash /usr/local/libexec/graphx-install-build-trust
#22 CACHED

#23 [stage-1  8/11] COPY --from=build /src/build/graphx-udp-publisher /usr/local/bin/
#23 CACHED

#24 [build  2/17] RUN apt-get update && apt-get install -y --no-install-recommends       bash ca-certificates cmake curl ninja-build g++ libssl-dev  && rm -rf /var/lib/apt/lists/*
#24 CACHED

#25 [stage-1 10/11] COPY --from=build /src/build/graphx /usr/local/bin/
#25 CACHED

#26 [stage-1  4/11] RUN mkdir /captures && chown 65532:65532 /captures && chmod 0770 /captures
#26 CACHED

#27 [build 15/17] COPY wireshark wireshark
#27 CACHED

#28 [build  7/17] COPY VERSION LICENSE THIRD_PARTY.md README.md CHANGELOG.md SECURITY.md SUPPORT.md CONTRIBUTING.md ./
#28 CACHED

#29 [stage-1  6/11] COPY --from=build /src/build/graphx-transform /usr/local/bin/
#29 CACHED

#30 [build  6/17] COPY CMakeLists.txt ./
#30 CACHED

#31 [build 16/17] COPY graphx.yaml ./graphx.yaml
#31 CACHED

#32 [build 17/17] RUN cmake -S . -B build -G Ninja -DCMAKE_BUILD_TYPE=Release -DGRAPHX_BUILD_TESTS=OFF  && cmake --build build
#32 CACHED

#33 [stage-1  2/11] RUN apt-get update && apt-get install -y --no-install-recommends iproute2 libssl3 && rm -rf /var/lib/apt/lists/*
#33 CACHED

#34 [build 10/17] COPY src src
#34 CACHED

#35 [stage-1 11/11] COPY --from=build /src/graphx.yaml /etc/graphx/graphx.yaml
#35 CACHED

#36 exporting to image
#36 exporting layers done
#36 writing image sha256:cf30d6f5f75bd2cd08a72e475b9da2e589e693f348c87efbbc5a3f710c926e59 done
#36 naming to docker.io/library/graphx-demo:latest done
#36 DONE 0.0s

#37 resolving provenance for metadata file
#37 DONE 0.0s
 Image graphx-demo:latest Built 
 Container gx-mac-side-generator-1 Creating 
 Container gx-mac-side-generator-1 Created 
 Container gx-mac-side-generator-1 Starting 
 Container gx-mac-side-generator-1 Started 
 Image graphx-demo:latest Building 
 Image graphx-demo:latest Building 
#1 [internal] load local bake definitions
#1 reading from stdin 1.46kB done
#1 DONE 0.0s

#2 [sink internal] load build definition from Dockerfile
#2 transferring dockerfile:
#2 transferring dockerfile: 2.65kB done
#2 DONE 0.0s

#3 [sink] resolve image config for docker-image://docker.io/docker/dockerfile:1.7
#3 DONE 0.1s

#4 [sink] docker-image://docker.io/docker/dockerfile:1.7@sha256:a57df69d0ea827fb7266491f2813635de6f17269be881f696fbfdf2d83dda33e
#4 CACHED

#5 [transform internal] load build definition from Dockerfile
#5 transferring dockerfile: 2.65kB done
#5 DONE 0.0s

#6 [sink internal] load build definition from Dockerfile
#6 transferring dockerfile: 2.65kB done
#6 DONE 0.0s

#7 [transform internal] load metadata for docker.io/library/debian:bookworm-slim@sha256:88200866dfff7ea7f5cbcb6ec7c8a701889efe6fe859fe64d6990e4b07ea4171
#7 DONE 0.0s

#8 [sink internal] load .dockerignore
#8 transferring context: 222B done
#8 DONE 0.0s

#9 [transform internal] load .dockerignore
#9 transferring context: 222B done
#9 DONE 0.0s

#10 [transform stage-1  1/11] FROM docker.io/library/debian:bookworm-slim@sha256:88200866dfff7ea7f5cbcb6ec7c8a701889efe6fe859fe64d6990e4b07ea4171
#10 DONE 0.0s

#11 [sink internal] load build context
#11 transferring context: 78.99kB 0.0s done
#11 DONE 0.0s

#12 [transform internal] load build context
#12 transferring context: 78.99kB 0.0s done
#12 DONE 0.0s

#13 [sink build  8/17] COPY cmake cmake
#13 CACHED

#14 [sink stage-1  8/11] COPY --from=build /src/build/graphx-udp-publisher /usr/local/bin/
#14 CACHED

#15 [sink stage-1  6/11] COPY --from=build /src/build/graphx-transform /usr/local/bin/
#15 CACHED

#16 [sink build  5/17] WORKDIR /src
#16 CACHED

#17 [sink build  6/17] COPY CMakeLists.txt ./
#17 CACHED

#18 [sink stage-1  9/11] COPY --from=build /src/build/graphx-udp-subscriber /usr/local/bin/
#18 CACHED

#19 [sink build  2/17] RUN apt-get update && apt-get install -y --no-install-recommends       bash ca-certificates cmake curl ninja-build g++ libssl-dev  && rm -rf /var/lib/apt/lists/*
#19 CACHED

#20 [sink build 16/17] COPY graphx.yaml ./graphx.yaml
#20 CACHED

#21 [sink build 10/17] COPY src src
#21 CACHED

#22 [sink build 14/17] COPY tools tools
#22 CACHED

#23 [sink build  7/17] COPY VERSION LICENSE THIRD_PARTY.md README.md CHANGELOG.md SECURITY.md SUPPORT.md CONTRIBUTING.md ./
#23 CACHED

#24 [sink build 15/17] COPY wireshark wireshark
#24 CACHED

#25 [sink build  9/17] COPY include include
#25 CACHED

#26 [sink build  3/17] COPY docker/install-build-trust.sh /usr/local/libexec/graphx-install-build-trust
#26 CACHED

#27 [sink stage-1  2/11] RUN apt-get update && apt-get install -y --no-install-recommends iproute2 libssl3 && rm -rf /var/lib/apt/lists/*
#27 CACHED

#28 [sink stage-1  4/11] RUN mkdir /captures && chown 65532:65532 /captures && chmod 0770 /captures
#28 CACHED

#29 [sink build 17/17] RUN cmake -S . -B build -G Ninja -DCMAKE_BUILD_TYPE=Release -DGRAPHX_BUILD_TESTS=OFF  && cmake --build build
#29 CACHED

#30 [sink stage-1  7/11] COPY --from=build /src/build/graphx-sink /usr/local/bin/
#30 CACHED

#31 [sink build  4/17] RUN --mount=type=secret,id=graphx_ca,required=false     --mount=type=secret,id=graphx_cert_installer,required=false     /usr/bin/bash /usr/local/libexec/graphx-install-build-trust
#31 CACHED

#32 [sink build 12/17] COPY config config
#32 CACHED

#33 [sink stage-1  3/11] COPY --from=build /etc/ssl/certs/ca-certificates.crt /etc/ssl/certs/ca-certificates.crt
#33 CACHED

#34 [sink stage-1 10/11] COPY --from=build /src/build/graphx /usr/local/bin/
#34 CACHED

#35 [sink build 13/17] COPY docs docs
#35 CACHED

#36 [sink build 11/17] COPY apps apps
#36 CACHED

#37 [sink stage-1  5/11] COPY --from=build /src/build/graphx-generator /usr/local/bin/
#37 CACHED

#38 [transform stage-1 11/11] COPY --from=build /src/graphx.yaml /etc/graphx/graphx.yaml
#38 CACHED

#39 [sink] exporting to image
#39 exporting layers done
#39 writing image sha256:d242d67e9b59d31ede8bb3b5db1e839944dda563f37d2066a4e1c686d909adfb done
#39 naming to docker.io/library/graphx-demo:latest done
#39 DONE 0.0s

#40 [transform] exporting to image
#40 exporting layers done
#40 writing image sha256:f0ff87c7661f23ce76f4745365251ccb9cd57baf973f555d404a975deaf26d9c done
#40 naming to docker.io/library/graphx-demo:latest done
#40 DONE 0.0s

#41 [sink] resolving provenance for metadata file
#41 DONE 0.0s

#42 [transform] resolving provenance for metadata file
#42 DONE 0.0s
 Image graphx-demo:latest Built 
 Image graphx-demo:latest Built 
 Container gx-ipv-side-sink-1 Creating 
 Container gx-ipv-side-transform-1 Creating 
 Container gx-ipv-side-transform-1 Created 
 Container gx-ipv-side-sink-1 Created 
 Container gx-ipv-side-transform-1 Starting 
 Container gx-ipv-side-sink-1 Starting 
 Container gx-ipv-side-sink-1 Started 
 Container gx-ipv-side-transform-1 Started 
OVS startup: docker compose -p gx-ovs -f /Users/rklinkhammer/workspace/graphx-docker/examples/mixed-network/compose/macos-ovs.compose.yml logs -f
c01f9e43-1a58-4ed1-9c67-6170b497a4fd
    Bridge br-gx-mac
        datapath_type: netdev
        Port mirror-mac
            Interface mirror-mac
                type: internal
        Port eth0
            Interface eth0
        Port br-gx-mac
            Interface br-gx-mac
                type: internal
    Bridge br-gx-ipv
        datapath_type: netdev
        Port mirror-ipv
            Interface mirror-ipv
                type: internal
        Port eth1
            Interface eth1
        Port br-gx-ipv
            Interface br-gx-ipv
                type: internal
lo               UNKNOWN        127.0.0.1/8 ::1/128 
eth0@if681       UP             
eth1@if682       UP             
ovs-netdev       DOWN           
br-gx-mac        UNKNOWN        10.10.0.1/24 fe80::e43b:beff:feb0:9542/64 
br-gx-ipv        UNKNOWN        10.20.0.1/24 fe80::832:a9ff:feb3:494b/64 
mirror-mac       UNKNOWN        fe80::c0fe:7ff:fef5:905/64 
mirror-ipv       UNKNOWN        fe80::c0d4:10ff:fef0:44ab/64 
2026-09-06T15:17:45Z|00001|vlog|INFO|opened log file /var/log/openvswitch/ovsdb-server.log
2026-09-06T15:17:45Z|00001|vlog|INFO|opened log file /var/log/openvswitch/ovs-vswitchd.log
2026-09-06T15:17:45Z|00002|ovs_numa|INFO|Discovered 16 CPU cores on NUMA node 0
2026-09-06T15:17:45Z|00003|ovs_numa|INFO|Discovered 1 NUMA nodes and 16 CPU cores
2026-09-06T15:17:45Z|00004|reconnect|INFO|unix:/var/run/openvswitch/db.sock: connecting...
2026-09-06T15:17:45Z|00005|reconnect|INFO|unix:/var/run/openvswitch/db.sock: connected
6f3bcddd-be34-4f48-8a1d-a7d6002e8196
38bd17f9-10a6-4c5a-8644-9c6764785f52
net.ipv4.ip_forward = 1
2026-09-06T15:17:45.676Z|00041|bridge|INFO|bridge br-gx-mac: using datapath ID 0000e63bbeb09542
2026-09-06T15:17:45.676Z|00042|connmgr|INFO|br-gx-mac: added service controller "punix:/var/run/openvswitch/br-gx-mac.mgmt"
2026-09-06T15:17:45.681Z|00043|bridge|INFO|bridge br-gx-ipv: added interface br-gx-ipv on port 65534
2026-09-06T15:17:45.681Z|00044|bridge|INFO|bridge br-gx-ipv: using datapath ID 00000a32a9b3494b
2026-09-06T15:17:45.681Z|00045|connmgr|INFO|br-gx-ipv: added service controller "punix:/var/run/openvswitch/br-gx-ipv.mgmt"
2026-09-06T15:17:45.684Z|00046|bridge|INFO|bridge br-gx-mac: added interface eth0 on port 1
2026-09-06T15:17:45.687Z|00047|bridge|INFO|bridge br-gx-ipv: added interface eth1 on port 1
2026-09-06T15:17:45.691Z|00048|bridge|INFO|bridge br-gx-mac: added interface mirror-mac on port 2
2026-09-06T15:17:45.695Z|00049|bridge|INFO|bridge br-gx-ipv: added interface mirror-ipv on port 2
2026-09-06T15:17:45.699Z|00050|ofproto_dpif_xlate|INFO|/proc/sys/net/core/netdev_max_backlog: open failed (No such file or directory)
2026-09-06T15:17:46.026Z|00051|ofproto_dpif_xlate|WARN|dropping packet received on port mirror-ipv, which is reserved exclusively for mirroring on bridge br-gx-ipv while processing icmp6,in_port=2,vlan_tci=0x0000,dl_src=c2:d4:10:f0:44:ab,dl_dst=33:33:ff:f0:44:ab,ipv6_src=::,ipv6_dst=ff02::1:fff0:44ab,ipv6_label=0x00000,nw_tos=0,nw_ecn=0,nw_ttl=255,nw_frag=no,icmp_type=135,icmp_code=0,nd_target=fe80::c0d4:10ff:fef0:44ab,nd_sll=00:00:00:00:00:00,nd_tll=00:00:00:00:00:00
2026-09-06T15:17:46.491Z|00052|ofproto_dpif_xlate|WARN|dropping packet received on port mirror-mac, which is reserved exclusively for mirroring on bridge br-gx-mac while processing arp,in_port=2,vlan_tci=0x0000,dl_src=c2:fe:07:f5:09:05,dl_dst=66:ee:13:ba:d8:56,arp_spa=10.10.0.1,arp_tpa=10.10.0.10,arp_op=2,arp_sha=c2:fe:07:f5:09:05,arp_tha=66:ee:13:ba:d8:56
2026-09-06T15:17:46.732Z|00053|ofproto_dpif_xlate|WARN|dropping packet received on port mirror-mac, which is reserved exclusively for mirroring on bridge br-gx-mac while processing icmp6,in_port=2,vlan_tci=0x0000,dl_src=c2:fe:07:f5:09:05,dl_dst=33:33:ff:f5:09:05,ipv6_src=::,ipv6_dst=ff02::1:fff5:905,ipv6_label=0x00000,nw_tos=0,nw_ecn=0,nw_ttl=255,nw_frag=no,icmp_type=135,icmp_code=0,nd_target=fe80::c0fe:7ff:fef5:905,nd_sll=00:00:00:00:00:00,nd_tll=00:00:00:00:00:00
2026-09-06T15:17:47.497Z|00054|ofproto_dpif_xlate|WARN|dropping packet received on port mirror-ipv, which is reserved exclusively for mirroring on bridge br-gx-ipv while processing arp,in_port=2,vlan_tci=0x0000,dl_src=c2:d4:10:f0:44:ab,dl_dst=e2:32:90:f9:f8:ce,arp_spa=10.20.0.1,arp_tpa=10.20.0.20,arp_op=2,arp_sha=c2:d4:10:f0:44:ab,arp_tha=e2:32:90:f9:f8:ce
 Container gx-mac-side-generator-1 Stopping 
 Container gx-mac-side-generator-1 Stopped 
 Container gx-mac-side-generator-1 Removing 
 Container gx-mac-side-generator-1 Removed 
 Container gx-ipv-side-sink-1 Stopping 
 Container gx-ipv-side-transform-1 Stopping 
 Container gx-ipv-side-sink-1 Stopped 
 Container gx-ipv-side-sink-1 Removing 
 Container gx-ipv-side-sink-1 Removed 
 Container gx-ipv-side-transform-1 Stopped 
 Container gx-ipv-side-transform-1 Removing 
 Container gx-ipv-side-transform-1 Removed 
 Container gx-ovs-ovs-router-1 Stopping 
 Container gx-ovs-ovs-router-1 Stopped 
 Container gx-ovs-ovs-router-1 Removing 
 Container gx-ovs-ovs-router-1 Removed 
