5804175ebadd4c03807addc6848b27188ef3bb21c1c0d40449c9b6678a5d10a0
7d65db6baee323a017ba6d0b4fe7b419e19e1832ce65077d48998930b6311686
 Image graphx-ovs:latest Building 
#1 [internal] load local bake definitions
#1 reading from stdin 787B done
#1 DONE 0.0s

#2 [internal] load build definition from Dockerfile
#2 transferring dockerfile: 792B done
#2 DONE 0.0s

#3 resolve image config for docker-image://docker.io/docker/dockerfile:1.7
#3 DONE 0.1s

#4 docker-image://docker.io/docker/dockerfile:1.7@sha256:a57df69d0ea827fb7266491f2813635de6f17269be881f696fbfdf2d83dda33e
#4 CACHED

#5 [internal] load metadata for docker.io/library/ubuntu:24.04
#5 DONE 0.0s

#6 [internal] load .dockerignore
#6 transferring context: 222B done
#6 DONE 0.0s

#7 [stage-0 1/5] FROM docker.io/library/ubuntu:24.04
#7 DONE 0.0s

#8 [internal] load build context
#8 transferring context: 2.25kB 0.0s done
#8 DONE 0.0s

#9 [stage-0 2/5] RUN apt-get update  && DEBIAN_FRONTEND=noninteractive apt-get install -y --no-install-recommends       bash ca-certificates curl iproute2 iputils-ping nftables openvswitch-switch tcpdump tshark  && rm -rf /var/lib/apt/lists/*
#9 CACHED

#10 [stage-0 3/5] COPY docker/install-build-trust.sh /usr/local/libexec/graphx-install-build-trust
#10 CACHED

#11 [stage-0 4/5] RUN --mount=type=secret,id=graphx_ca,required=false     --mount=type=secret,id=graphx_cert_installer,required=false     /usr/bin/bash /usr/local/libexec/graphx-install-build-trust
#11 CACHED

#12 [stage-0 5/5] COPY docker/ovs/entrypoint.sh /usr/local/bin/graphx-ovs
#12 CACHED

#13 exporting to image
#13 exporting layers done
#13 writing image sha256:c934d517d2c316e2b5fc9e878ea2cb3d9e7f3f89a2fef552dda837515e327bcd done
#13 naming to docker.io/library/graphx-ovs:latest done
#13 DONE 0.0s

#14 resolving provenance for metadata file
#14 DONE 0.0s
 Image graphx-ovs:latest Built 
 Container gx-ovs-ovs-router-1 Creating 
 Container gx-ovs-ovs-router-1 Created 
 Container gx-ovs-ovs-router-1 Starting 
 Container gx-ovs-ovs-router-1 Started 
 Image graphx-demo:latest Building 
#1 [internal] load local bake definitions
#1 reading from stdin 779B done
#1 DONE 0.0s

#2 [internal] load build definition from Dockerfile
#2 transferring dockerfile: 2.65kB done
#2 DONE 0.0s

#3 resolve image config for docker-image://docker.io/docker/dockerfile:1.7
#3 DONE 0.1s

#4 docker-image://docker.io/docker/dockerfile:1.7@sha256:a57df69d0ea827fb7266491f2813635de6f17269be881f696fbfdf2d83dda33e
#4 CACHED

#5 [internal] load metadata for docker.io/library/debian:bookworm-slim@sha256:88200866dfff7ea7f5cbcb6ec7c8a701889efe6fe859fe64d6990e4b07ea4171
#5 DONE 0.0s

#6 [internal] load .dockerignore
#6 transferring context: 222B done
#6 DONE 0.0s

#7 [build  1/17] FROM docker.io/library/debian:bookworm-slim@sha256:88200866dfff7ea7f5cbcb6ec7c8a701889efe6fe859fe64d6990e4b07ea4171
#7 DONE 0.0s

#8 [internal] load build context
#8 transferring context: 3.31MB 0.0s done
#8 DONE 0.1s

#9 [build 10/17] COPY src src
#9 CACHED

#10 [build  9/17] COPY include include
#10 CACHED

#11 [build 13/17] COPY docs docs
#11 CACHED

#12 [stage-1 10/11] COPY --from=build /src/build/graphx /usr/local/bin/
#12 CACHED

#13 [build  8/17] COPY cmake cmake
#13 CACHED

#14 [build 11/17] COPY apps apps
#14 CACHED

#15 [build 17/17] RUN cmake -S . -B build -G Ninja -DCMAKE_BUILD_TYPE=Release -DGRAPHX_BUILD_TESTS=OFF  && cmake --build build
#15 CACHED

#16 [build  2/17] RUN apt-get update && apt-get install -y --no-install-recommends       bash ca-certificates cmake curl ninja-build g++ libssl-dev  && rm -rf /var/lib/apt/lists/*
#16 CACHED

#17 [build 15/17] COPY wireshark wireshark
#17 CACHED

#18 [build  6/17] COPY CMakeLists.txt ./
#18 CACHED

#19 [build 14/17] COPY tools tools
#19 CACHED

#20 [build  7/17] COPY VERSION LICENSE THIRD_PARTY.md README.md CHANGELOG.md SECURITY.md SUPPORT.md CONTRIBUTING.md ./
#20 CACHED

#21 [stage-1  4/11] RUN mkdir /captures && chown 65532:65532 /captures && chmod 0770 /captures
#21 CACHED

#22 [stage-1  6/11] COPY --from=build /src/build/graphx-transform /usr/local/bin/
#22 CACHED

#23 [stage-1  2/11] RUN apt-get update && apt-get install -y --no-install-recommends iproute2 libssl3 && rm -rf /var/lib/apt/lists/*
#23 CACHED

#24 [build  4/17] RUN --mount=type=secret,id=graphx_ca,required=false     --mount=type=secret,id=graphx_cert_installer,required=false     /usr/bin/bash /usr/local/libexec/graphx-install-build-trust
#24 CACHED

#25 [build 16/17] COPY graphx.yaml ./graphx.yaml
#25 CACHED

#26 [stage-1  3/11] COPY --from=build /etc/ssl/certs/ca-certificates.crt /etc/ssl/certs/ca-certificates.crt
#26 CACHED

#27 [stage-1  9/11] COPY --from=build /src/build/graphx-udp-subscriber /usr/local/bin/
#27 CACHED

#28 [build  5/17] WORKDIR /src
#28 CACHED

#29 [build  3/17] COPY docker/install-build-trust.sh /usr/local/libexec/graphx-install-build-trust
#29 CACHED

#30 [stage-1  5/11] COPY --from=build /src/build/graphx-generator /usr/local/bin/
#30 CACHED

#31 [stage-1  7/11] COPY --from=build /src/build/graphx-sink /usr/local/bin/
#31 CACHED

#32 [build 12/17] COPY config config
#32 CACHED

#33 [stage-1  8/11] COPY --from=build /src/build/graphx-udp-publisher /usr/local/bin/
#33 CACHED

#34 [stage-1 11/11] COPY --from=build /src/graphx.yaml /etc/graphx/graphx.yaml
#34 CACHED

#35 exporting to image
#35 exporting layers done
#35 writing image sha256:cf30d6f5f75bd2cd08a72e475b9da2e589e693f348c87efbbc5a3f710c926e59 done
#35 naming to docker.io/library/graphx-demo:latest done
#35 DONE 0.0s

#36 resolving provenance for metadata file
#36 DONE 0.0s
 Image graphx-demo:latest Built 
 Container gx-mac-side-generator-1 Creating 
 Container gx-mac-side-generator-1 Created 
 Container gx-mac-side-generator-1 Starting 
 Container gx-mac-side-generator-1 Started 
 Image graphx-demo:latest Building 
 Image graphx-demo:latest Building 
#1 [internal] load local bake definitions
#1 reading from stdin 1.46kB done
#1 DONE 0.0s

#2 [transform internal] load build definition from Dockerfile
#2 transferring dockerfile:
#2 transferring dockerfile: 2.65kB done
#2 DONE 0.0s

#3 [sink] docker-image://docker.io/docker/dockerfile:1.7@sha256:a57df69d0ea827fb7266491f2813635de6f17269be881f696fbfdf2d83dda33e
#3 CACHED

#4 [transform] resolve image config for docker-image://docker.io/docker/dockerfile:1.7
#4 DONE 0.1s

#5 [sink internal] load build definition from Dockerfile
#5 transferring dockerfile: 2.65kB done
#5 DONE 0.0s

#6 [transform internal] load build definition from Dockerfile
#6 transferring dockerfile: 2.65kB done
#6 DONE 0.0s

#7 [sink internal] load metadata for docker.io/library/debian:bookworm-slim@sha256:88200866dfff7ea7f5cbcb6ec7c8a701889efe6fe859fe64d6990e4b07ea4171
#7 DONE 0.0s

#8 [transform internal] load .dockerignore
#8 transferring context: 222B done
#8 DONE 0.0s

#9 [sink internal] load .dockerignore
#9 transferring context: 222B done
#9 DONE 0.0s

#10 [transform stage-1  1/11] FROM docker.io/library/debian:bookworm-slim@sha256:88200866dfff7ea7f5cbcb6ec7c8a701889efe6fe859fe64d6990e4b07ea4171
#10 DONE 0.0s

#11 [sink internal] load build context
#11 transferring context: 78.99kB 0.0s done
#11 DONE 0.0s

#12 [transform internal] load build context
#12 transferring context: 78.99kB 0.0s done
#12 DONE 0.0s

#13 [sink build  9/17] COPY include include
#13 CACHED

#14 [sink stage-1  6/11] COPY --from=build /src/build/graphx-transform /usr/local/bin/
#14 CACHED

#15 [sink build  5/17] WORKDIR /src
#15 CACHED

#16 [sink build  7/17] COPY VERSION LICENSE THIRD_PARTY.md README.md CHANGELOG.md SECURITY.md SUPPORT.md CONTRIBUTING.md ./
#16 CACHED

#17 [sink stage-1  8/11] COPY --from=build /src/build/graphx-udp-publisher /usr/local/bin/
#17 CACHED

#18 [sink build 15/17] COPY wireshark wireshark
#18 CACHED

#19 [sink stage-1  4/11] RUN mkdir /captures && chown 65532:65532 /captures && chmod 0770 /captures
#19 CACHED

#20 [sink build 17/17] RUN cmake -S . -B build -G Ninja -DCMAKE_BUILD_TYPE=Release -DGRAPHX_BUILD_TESTS=OFF  && cmake --build build
#20 CACHED

#21 [sink build  2/17] RUN apt-get update && apt-get install -y --no-install-recommends       bash ca-certificates cmake curl ninja-build g++ libssl-dev  && rm -rf /var/lib/apt/lists/*
#21 CACHED

#22 [sink build  3/17] COPY docker/install-build-trust.sh /usr/local/libexec/graphx-install-build-trust
#22 CACHED

#23 [sink stage-1  5/11] COPY --from=build /src/build/graphx-generator /usr/local/bin/
#23 CACHED

#24 [sink stage-1  7/11] COPY --from=build /src/build/graphx-sink /usr/local/bin/
#24 CACHED

#25 [sink stage-1  9/11] COPY --from=build /src/build/graphx-udp-subscriber /usr/local/bin/
#25 CACHED

#26 [sink build 11/17] COPY apps apps
#26 CACHED

#27 [sink build 16/17] COPY graphx.yaml ./graphx.yaml
#27 CACHED

#28 [sink stage-1 10/11] COPY --from=build /src/build/graphx /usr/local/bin/
#28 CACHED

#29 [sink build 13/17] COPY docs docs
#29 CACHED

#30 [sink stage-1  2/11] RUN apt-get update && apt-get install -y --no-install-recommends iproute2 libssl3 && rm -rf /var/lib/apt/lists/*
#30 CACHED

#31 [sink build  8/17] COPY cmake cmake
#31 CACHED

#32 [sink stage-1  3/11] COPY --from=build /etc/ssl/certs/ca-certificates.crt /etc/ssl/certs/ca-certificates.crt
#32 CACHED

#33 [sink build  4/17] RUN --mount=type=secret,id=graphx_ca,required=false     --mount=type=secret,id=graphx_cert_installer,required=false     /usr/bin/bash /usr/local/libexec/graphx-install-build-trust
#33 CACHED

#34 [sink build  6/17] COPY CMakeLists.txt ./
#34 CACHED

#35 [sink build 14/17] COPY tools tools
#35 CACHED

#36 [sink build 12/17] COPY config config
#36 CACHED

#37 [sink build 10/17] COPY src src
#37 CACHED

#38 [sink stage-1 11/11] COPY --from=build /src/graphx.yaml /etc/graphx/graphx.yaml
#38 CACHED

#39 [transform] exporting to image
#39 exporting layers done
#39 writing image sha256:f0ff87c7661f23ce76f4745365251ccb9cd57baf973f555d404a975deaf26d9c done
#39 naming to docker.io/library/graphx-demo:latest done
#39 DONE 0.0s

#40 [sink] exporting to image
#40 exporting layers done
#40 writing image sha256:d242d67e9b59d31ede8bb3b5db1e839944dda563f37d2066a4e1c686d909adfb done
#40 naming to docker.io/library/graphx-demo:latest done
#40 DONE 0.0s

#41 [transform] resolving provenance for metadata file
#41 DONE 0.0s

#42 [sink] resolving provenance for metadata file
#42 DONE 0.0s
 Image graphx-demo:latest Built 
 Image graphx-demo:latest Built 
 Container gx-ipv-side-sink-1 Creating 
 Container gx-ipv-side-transform-1 Creating 
 Container gx-ipv-side-sink-1 Created 
 Container gx-ipv-side-transform-1 Created 
 Container gx-ipv-side-transform-1 Starting 
 Container gx-ipv-side-sink-1 Starting 
 Container gx-ipv-side-transform-1 Started 
 Container gx-ipv-side-sink-1 Started 
OVS startup: docker compose -p gx-ovs -f /Users/rklinkhammer/workspace/graphx-docker/examples/mixed-network/compose/macos-ovs.compose.yml logs -f
after apply:
qdisc netem 8005: root refcnt 2 limit 1000 delay 20ms  3ms loss 1%
after clear:
qdisc pfifo_fast 0: root refcnt 2 bands 3 priomap 1 2 2 2 1 2 0 0 1 1 1 1 1 1 1 1
 Container gx-mac-side-generator-1 Stopping 
 Container gx-mac-side-generator-1 Stopped 
 Container gx-mac-side-generator-1 Removing 
 Container gx-mac-side-generator-1 Removed 
 Container gx-ipv-side-sink-1 Stopping 
 Container gx-ipv-side-transform-1 Stopping 
 Container gx-ipv-side-sink-1 Stopped 
 Container gx-ipv-side-sink-1 Removing 
 Container gx-ipv-side-sink-1 Removed 
 Container gx-ipv-side-transform-1 Stopped 
 Container gx-ipv-side-transform-1 Removing 
 Container gx-ipv-side-transform-1 Removed 
 Container gx-ovs-ovs-router-1 Stopping 
 Container gx-ovs-ovs-router-1 Stopped 
 Container gx-ovs-ovs-router-1 Removing 
 Container gx-ovs-ovs-router-1 Removed 
