 Image graphx-telemetry:latest Building 
#1 [internal] load local bake definitions
#1 reading from stdin 814B done
#1 DONE 0.0s

#2 [internal] load build definition from telemetry.Dockerfile
#2 transferring dockerfile: 2.74kB done
#2 DONE 0.0s

#3 resolve image config for docker-image://docker.io/docker/dockerfile:1.7
#3 DONE 0.1s

#4 docker-image://docker.io/docker/dockerfile:1.7@sha256:a57df69d0ea827fb7266491f2813635de6f17269be881f696fbfdf2d83dda33e
#4 CACHED

#5 [internal] load metadata for docker.io/library/node:22-alpine@sha256:c610fcdfb1d5b4740dd70c284ed3cb16bb857e0f7166196e36a5501df7a3aa32
#5 DONE 0.0s

#6 [internal] load metadata for docker.io/library/debian:bookworm-slim@sha256:88200866dfff7ea7f5cbcb6ec7c8a701889efe6fe859fe64d6990e4b07ea4171
#6 DONE 0.0s

#7 [internal] load .dockerignore
#7 transferring context: 222B done
#7 DONE 0.0s

#8 [trust 1/4] FROM docker.io/library/debian:bookworm-slim@sha256:88200866dfff7ea7f5cbcb6ec7c8a701889efe6fe859fe64d6990e4b07ea4171
#8 DONE 0.0s

#9 [web 1/7] FROM docker.io/library/node:22-alpine@sha256:c610fcdfb1d5b4740dd70c284ed3cb16bb857e0f7166196e36a5501df7a3aa32
#9 DONE 0.0s

#10 [internal] load build context
#10 transferring context: 1.82kB 0.0s done
#10 DONE 0.0s

#11 [stage-2 4/9] RUN addgroup -S -g 65532 graphx-capture && addgroup node graphx-capture  && mkdir /captures /var/lib/graphx /var/lib/graphx/history  && chown 65532:65532 /captures && chmod 0770 /captures  && chown -R node:node /var/lib/graphx && chmod 0750 /var/lib/graphx /var/lib/graphx/history
#11 CACHED

#12 [web 3/7] WORKDIR /app/web
#12 CACHED

#13 [stage-2 6/9] RUN npm ci --omit=dev
#13 CACHED

#14 [trust 2/4] RUN apt-get update && apt-get install -y --no-install-recommends bash ca-certificates curl  && rm -rf /var/lib/apt/lists/*
#14 CACHED

#15 [trust 3/4] COPY docker/install-build-trust.sh /usr/local/libexec/graphx-install-build-trust
#15 CACHED

#16 [stage-2 8/9] COPY graphx.yaml ./graphx.yaml
#16 CACHED

#17 [web 6/7] COPY web/ ./
#17 CACHED

#18 [web 5/7] RUN npm ci
#18 CACHED

#19 [web 2/7] COPY --from=trust /etc/ssl/certs/ca-certificates.crt /etc/ssl/certs/ca-certificates.crt
#19 CACHED

#20 [trust 4/4] RUN --mount=type=secret,id=graphx_ca,required=false     --mount=type=secret,id=graphx_cert_installer,required=false     /usr/bin/bash /usr/local/libexec/graphx-install-build-trust
#20 CACHED

#21 [stage-2 3/9] WORKDIR /app
#21 CACHED

#22 [stage-2 5/9] COPY apps/telemetry/package*.json ./
#22 CACHED

#23 [web 4/7] COPY web/package*.json ./
#23 CACHED

#24 [web 7/7] RUN npm run build
#24 CACHED

#25 [stage-2 7/9] COPY --chown=node:node apps/telemetry/server.mjs apps/telemetry/security.mjs apps/telemetry/control.mjs apps/telemetry/operations.mjs   apps/telemetry/history.mjs apps/telemetry/history-worker.mjs apps/telemetry/capture-files.mjs ./
#25 CACHED

#26 [stage-2 9/9] COPY --from=web /app/web/dist ./web/dist
#26 CACHED

#27 exporting to image
#27 exporting layers done
#27 writing image sha256:50783b573d274030e4b18e22cc5581793538c7696f4372316ec18b75a1fdde0a done
#27 naming to docker.io/library/graphx-telemetry:latest done
#27 DONE 0.0s

#28 resolving provenance for metadata file
#28 DONE 0.0s
 Image graphx-telemetry:latest Built 
 Network graphx-phase7-test-28836_graphx Creating 
 Network graphx-phase7-test-28836_graphx Created 
 Volume graphx-phase7-test-28836_captures Creating 
 Volume graphx-phase7-test-28836_captures Created 
 Volume graphx-phase7-test-28836_graphx-history Creating 
 Volume graphx-phase7-test-28836_graphx-history Created 
 Container graphx-phase7-test-28836-telemetry-1 Creating 
 Container graphx-phase7-test-28836-telemetry-1 Created 
 Container graphx-phase7-test-28836-telemetry-1 Starting 
 Container graphx-phase7-test-28836-telemetry-1 Started 
NAME                                   IMAGE                     COMMAND                  SERVICE     CREATED              STATUS                    PORTS
graphx-phase7-test-28836-telemetry-1   graphx-telemetry:latest   "docker-entrypoint.s…"   telemetry   About a minute ago   Up 59 seconds (healthy)   127.0.0.1:8080->8080/tcp, 9000/udp
GraphX telemetry HTTP/WS 0.0.0.0:8080, UDP 0.0.0.0:9000
(node:6) ExperimentalWarning: SQLite is an experimental feature and might change at any time
(Use `node --trace-warnings ...` to show where the warning was created)
GraphX durable history sqlite backend ready
