GraphX release version 1.0.0 matches tag v1.0.0
-- The CXX compiler identification is AppleClang 21.0.0.21000101
-- Detecting CXX compiler ABI info
-- Detecting CXX compiler ABI info - done
-- Check for working CXX compiler: /usr/bin/c++ - skipped
-- Detecting CXX compile features
-- Detecting CXX compile features - done
-- Performing Test CMAKE_HAVE_LIBC_PTHREAD
-- Performing Test CMAKE_HAVE_LIBC_PTHREAD - Success
-- Found Threads: TRUE
-- Found OpenSSL: /opt/homebrew/Cellar/openssl@3/3.6.3/lib/libcrypto.dylib (found suitable version "3.6.3", minimum required is "3")
-- Found Python3: /opt/homebrew/Frameworks/Python.framework/Versions/3.14/bin/python3.14 (found version "3.14.7") found components: Interpreter
-- Configuring done (1.8s)
-- Generating done (0.0s)
-- Build files have been written to: /Users/rklinkhammer/workspace/graphx-docker/build/release-macos-20260906T151835Z
[0/2] Re-checking globbed directories...
[1/68] Building CXX object _deps/yaml-cpp-build/CMakeFiles/yaml-cpp.dir/src/directives.cpp.o
[2/68] Building CXX object _deps/yaml-cpp-build/CMakeFiles/yaml-cpp.dir/src/binary.cpp.o
[3/68] Building CXX object _deps/yaml-cpp-build/CMakeFiles/yaml-cpp.dir/src/depthguard.cpp.o
[4/68] Building CXX object _deps/yaml-cpp-build/CMakeFiles/yaml-cpp.dir/src/convert.cpp.o
[5/68] Building CXX object _deps/yaml-cpp-build/CMakeFiles/yaml-cpp.dir/src/emit.cpp.o
[6/68] Building CXX object _deps/yaml-cpp-build/CMakeFiles/yaml-cpp.dir/src/emitfromevents.cpp.o
[7/68] Building CXX object _deps/yaml-cpp-build/CMakeFiles/yaml-cpp.dir/src/emitter.cpp.o
[8/68] Building CXX object _deps/yaml-cpp-build/CMakeFiles/yaml-cpp.dir/src/emitterstate.cpp.o
[9/68] Building CXX object _deps/yaml-cpp-build/CMakeFiles/yaml-cpp.dir/src/exceptions.cpp.o
[10/68] Building CXX object _deps/yaml-cpp-build/CMakeFiles/yaml-cpp.dir/src/emitterutils.cpp.o
[11/68] Building CXX object _deps/yaml-cpp-build/CMakeFiles/yaml-cpp.dir/src/exp.cpp.o
[12/68] Building CXX object _deps/yaml-cpp-build/CMakeFiles/yaml-cpp.dir/src/fptostring.cpp.o
[13/68] Building CXX object _deps/yaml-cpp-build/CMakeFiles/yaml-cpp.dir/src/node.cpp.o
[14/68] Building CXX object _deps/yaml-cpp-build/CMakeFiles/yaml-cpp.dir/src/memory.cpp.o
[15/68] Building CXX object _deps/yaml-cpp-build/CMakeFiles/yaml-cpp.dir/src/null.cpp.o
[16/68] Building CXX object _deps/yaml-cpp-build/CMakeFiles/yaml-cpp.dir/src/node_data.cpp.o
[17/68] Building CXX object _deps/yaml-cpp-build/CMakeFiles/yaml-cpp.dir/src/nodebuilder.cpp.o
[18/68] Building CXX object _deps/yaml-cpp-build/CMakeFiles/yaml-cpp.dir/src/nodeevents.cpp.o
[19/68] Building CXX object _deps/yaml-cpp-build/CMakeFiles/yaml-cpp.dir/src/ostream_wrapper.cpp.o
[20/68] Building CXX object _deps/yaml-cpp-build/CMakeFiles/yaml-cpp.dir/src/parse.cpp.o
[21/68] Building CXX object _deps/yaml-cpp-build/CMakeFiles/yaml-cpp.dir/src/regex_yaml.cpp.o
[22/68] Building CXX object _deps/yaml-cpp-build/CMakeFiles/yaml-cpp.dir/src/parser.cpp.o
[23/68] Building CXX object _deps/yaml-cpp-build/CMakeFiles/yaml-cpp.dir/src/scanner.cpp.o
[24/68] Building CXX object _deps/yaml-cpp-build/CMakeFiles/yaml-cpp.dir/src/scantag.cpp.o
[25/68] Building CXX object _deps/yaml-cpp-build/CMakeFiles/yaml-cpp.dir/src/scanscalar.cpp.o
[26/68] Building CXX object _deps/yaml-cpp-build/CMakeFiles/yaml-cpp.dir/src/scantoken.cpp.o
[27/68] Building CXX object _deps/yaml-cpp-build/CMakeFiles/yaml-cpp.dir/src/simplekey.cpp.o
[28/68] Building CXX object _deps/yaml-cpp-build/CMakeFiles/yaml-cpp.dir/src/stream.cpp.o
[29/68] Building CXX object _deps/yaml-cpp-build/CMakeFiles/yaml-cpp.dir/src/singledocparser.cpp.o
[30/68] Building CXX object _deps/yaml-cpp-build/CMakeFiles/yaml-cpp.dir/src/tag.cpp.o
[31/68] Building CXX object CMakeFiles/graphx.dir/src/capture.cpp.o
[32/68] Building CXX object CMakeFiles/graphx.dir/src/framing.cpp.o
[33/68] Building CXX object CMakeFiles/graphx.dir/src/envelope.cpp.o
[34/68] Building CXX object CMakeFiles/graphx.dir/src/in_process_transport.cpp.o
[35/68] Building CXX object CMakeFiles/graphx.dir/src/network.cpp.o
[36/68] Building CXX object CMakeFiles/graphx.dir/src/infra.cpp.o
[37/68] Building CXX object CMakeFiles/graphx.dir/src/shared_memory_transport.cpp.o
[38/68] Building CXX object CMakeFiles/graphx.dir/src/observability.cpp.o
[39/68] Building CXX object CMakeFiles/graphx.dir/src/tcp_transport.cpp.o
[40/68] Building CXX object CMakeFiles/graphx.dir/src/udp_transport.cpp.o
[41/68] Linking CXX static library _deps/yaml-cpp-build/libyaml-cpp.a
[42/68] Building CXX object CMakeFiles/graphx.dir/src/unix_domain_socket_transport.cpp.o
[43/68] Building CXX object CMakeFiles/graphx.dir/src/transport_factory.cpp.o
[44/68] Building CXX object CMakeFiles/graphx-generator.dir/apps/generator/main.cpp.o
[45/68] Building CXX object CMakeFiles/graphx-transform.dir/apps/transform/main.cpp.o
[46/68] Building CXX object CMakeFiles/graphx-sink.dir/apps/sink/main.cpp.o
[47/68] Building CXX object CMakeFiles/graphx.dir/src/config.cpp.o
[48/68] Linking CXX static library libgraphx.a
[49/68] Building CXX object CMakeFiles/graphx-udp-publisher.dir/apps/udp_publisher/main.cpp.o
[50/68] Building CXX object CMakeFiles/graphx-udp-subscriber.dir/apps/udp_subscriber/main.cpp.o
[51/68] Building CXX object CMakeFiles/graphx-cli.dir/apps/cli/main.cpp.o
[52/68] Building CXX object CMakeFiles/graphx-capture-fixture.dir/tests/capture_fixture.cpp.o
[53/68] Building CXX object CMakeFiles/graphx-tls-smoke.dir/tests/tls_smoke.cpp.o
[54/68] Linking CXX executable graphx-generator
[55/68] Linking CXX executable graphx-transform
[56/68] Linking CXX executable graphx-sink
[57/68] Linking CXX executable graphx-udp-publisher
[58/68] Linking CXX executable graphx-udp-subscriber
[59/68] Linking CXX executable graphx
[60/68] Linking CXX executable graphx-tls-smoke
[61/68] Linking CXX executable graphx-capture-fixture
[62/68] Building CXX object CMakeFiles/graphx-config-tests.dir/tests/test_config.cpp.o
[63/68] Linking CXX executable graphx-config-tests
[64/68] Building CXX object CMakeFiles/graphx-capture-runtime-config.dir/tests/capture_runtime_config.cpp.o
[65/68] Linking CXX executable graphx-capture-runtime-config
[66/68] Building CXX object CMakeFiles/graphx-tests.dir/tests/test_main.cpp.o
[67/68] Linking CXX executable graphx-tests
Test project /Users/rklinkhammer/workspace/graphx-docker/build/release-macos-20260906T151835Z
      Start  1: graphx-tests
 1/28 Test  #1: graphx-tests ........................   Passed    1.91 sec
      Start  2: graphx-config-tests
 2/28 Test  #2: graphx-config-tests .................   Passed    0.24 sec
      Start  3: graphx-tls-security
 3/28 Test  #3: graphx-tls-security .................   Passed    0.32 sec
      Start  4: graphx-capture-runtime-config
 4/28 Test  #4: graphx-capture-runtime-config .......   Passed    0.13 sec
      Start  5: graphx-extcap
 5/28 Test  #5: graphx-extcap .......................   Passed    0.84 sec
      Start  6: graphx-wireshark-dissector
 6/28 Test  #6: graphx-wireshark-dissector ..........   Passed    1.20 sec
      Start  7: graphx-config-cli
 7/28 Test  #7: graphx-config-cli ...................   Passed    0.15 sec
      Start  8: graphx-version
 8/28 Test  #8: graphx-version ......................   Passed    0.00 sec
      Start  9: graphx-release-contract
 9/28 Test  #9: graphx-release-contract .............   Passed    0.58 sec
      Start 10: graphx-package
10/28 Test #10: graphx-package ......................***Failed    0.23 sec
-- Install configuration: "Release"
-- Installing: /var/folders/8d/6844p_cd23q9bwcmmv3b2x5r0000gn/T/graphx-package-test-o7v5pfno/prefix/lib/libgraphx.a
-- Installing: /var/folders/8d/6844p_cd23q9bwcmmv3b2x5r0000gn/T/graphx-package-test-o7v5pfno/prefix/lib/libyaml-cpp.a
-- Installing: /var/folders/8d/6844p_cd23q9bwcmmv3b2x5r0000gn/T/graphx-package-test-o7v5pfno/prefix/share/doc/graphx/licenses/yaml-cpp-LICENSE
-- Installing: /var/folders/8d/6844p_cd23q9bwcmmv3b2x5r0000gn/T/graphx-package-test-o7v5pfno/prefix/bin/graphx
-- Installing: /var/folders/8d/6844p_cd23q9bwcmmv3b2x5r0000gn/T/graphx-package-test-o7v5pfno/prefix/bin/graphx-generator
-- Installing: /var/folders/8d/6844p_cd23q9bwcmmv3b2x5r0000gn/T/graphx-package-test-o7v5pfno/prefix/bin/graphx-transform
-- Installing: /var/folders/8d/6844p_cd23q9bwcmmv3b2x5r0000gn/T/graphx-package-test-o7v5pfno/prefix/bin/graphx-sink
-- Installing: /var/folders/8d/6844p_cd23q9bwcmmv3b2x5r0000gn/T/graphx-package-test-o7v5pfno/prefix/bin/graphx-udp-publisher
-- Installing: /var/folders/8d/6844p_cd23q9bwcmmv3b2x5r0000gn/T/graphx-package-test-o7v5pfno/prefix/bin/graphx-udp-subscriber
-- Installing: /var/folders/8d/6844p_cd23q9bwcmmv3b2x5r0000gn/T/graphx-package-test-o7v5pfno/prefix/include/graphx
-- Installing: /var/folders/8d/6844p_cd23q9bwcmmv3b2x5r0000gn/T/graphx-package-test-o7v5pfno/prefix/include/graphx/infra.hpp
-- Installing: /var/folders/8d/6844p_cd23q9bwcmmv3b2x5r0000gn/T/graphx-package-test-o7v5pfno/prefix/include/graphx/transport_factory.hpp
-- Installing: /var/folders/8d/6844p_cd23q9bwcmmv3b2x5r0000gn/T/graphx-package-test-o7v5pfno/prefix/include/graphx/envelope.hpp
-- Installing: /var/folders/8d/6844p_cd23q9bwcmmv3b2x5r0000gn/T/graphx-package-test-o7v5pfno/prefix/include/graphx/observability.hpp
-- Installing: /var/folders/8d/6844p_cd23q9bwcmmv3b2x5r0000gn/T/graphx-package-test-o7v5pfno/prefix/include/graphx/config.hpp
-- Installing: /var/folders/8d/6844p_cd23q9bwcmmv3b2x5r0000gn/T/graphx-package-test-o7v5pfno/prefix/include/graphx/transport.hpp
-- Installing: /var/folders/8d/6844p_cd23q9bwcmmv3b2x5r0000gn/T/graphx-package-test-o7v5pfno/prefix/include/graphx/tcp_transport.hpp
-- Installing: /var/folders/8d/6844p_cd23q9bwcmmv3b2x5r0000gn/T/graphx-package-test-o7v5pfno/prefix/include/graphx/node.hpp
-- Installing: /var/folders/8d/6844p_cd23q9bwcmmv3b2x5r0000gn/T/graphx-package-test-o7v5pfno/prefix/include/graphx/shared_memory_transport.hpp
-- Installing: /var/folders/8d/6844p_cd23q9bwcmmv3b2x5r0000gn/T/graphx-package-test-o7v5pfno/prefix/include/graphx/in_process_transport.hpp
-- Installing: /var/folders/8d/6844p_cd23q9bwcmmv3b2x5r0000gn/T/graphx-package-test-o7v5pfno/prefix/include/graphx/network.hpp
-- Installing: /var/folders/8d/6844p_cd23q9bwcmmv3b2x5r0000gn/T/graphx-package-test-o7v5pfno/prefix/include/graphx/capture.hpp
-- Installing: /var/folders/8d/6844p_cd23q9bwcmmv3b2x5r0000gn/T/graphx-package-test-o7v5pfno/prefix/include/graphx/types.hpp
-- Installing: /var/folders/8d/6844p_cd23q9bwcmmv3b2x5r0000gn/T/graphx-package-test-o7v5pfno/prefix/include/graphx/unix_domain_socket_transport.hpp
-- Installing: /var/folders/8d/6844p_cd23q9bwcmmv3b2x5r0000gn/T/graphx-package-test-o7v5pfno/prefix/include/graphx/framing.hpp
-- Installing: /var/folders/8d/6844p_cd23q9bwcmmv3b2x5r0000gn/T/graphx-package-test-o7v5pfno/prefix/include/graphx/udp_transport.hpp
-- Installing: /var/folders/8d/6844p_cd23q9bwcmmv3b2x5r0000gn/T/graphx-package-test-o7v5pfno/prefix/include/graphx/version.hpp
-- Installing: /var/folders/8d/6844p_cd23q9bwcmmv3b2x5r0000gn/T/graphx-package-test-o7v5pfno/prefix/lib/cmake/GraphX/GraphXTargets.cmake
-- Installing: /var/folders/8d/6844p_cd23q9bwcmmv3b2x5r0000gn/T/graphx-package-test-o7v5pfno/prefix/lib/cmake/GraphX/GraphXTargets-release.cmake
-- Installing: /var/folders/8d/6844p_cd23q9bwcmmv3b2x5r0000gn/T/graphx-package-test-o7v5pfno/prefix/lib/cmake/GraphX/GraphXConfig.cmake
-- Installing: /var/folders/8d/6844p_cd23q9bwcmmv3b2x5r0000gn/T/graphx-package-test-o7v5pfno/prefix/lib/cmake/GraphX/GraphXConfigVersion.cmake
-- Installing: /var/folders/8d/6844p_cd23q9bwcmmv3b2x5r0000gn/T/graphx-package-test-o7v5pfno/prefix/share/graphx/schema/graphx.schema.json
-- Installing: /var/folders/8d/6844p_cd23q9bwcmmv3b2x5r0000gn/T/graphx-package-test-o7v5pfno/prefix/share/graphx/graphx.yaml
-- Installing: /var/folders/8d/6844p_cd23q9bwcmmv3b2x5r0000gn/T/graphx-package-test-o7v5pfno/prefix/libexec/graphx/graphx-extcap
-- Installing: /var/folders/8d/6844p_cd23q9bwcmmv3b2x5r0000gn/T/graphx-package-test-o7v5pfno/prefix/share/graphx/wireshark/graphx.lua
-- Installing: /var/folders/8d/6844p_cd23q9bwcmmv3b2x5r0000gn/T/graphx-package-test-o7v5pfno/prefix/share/graphx/wireshark/README.md
-- Installing: /var/folders/8d/6844p_cd23q9bwcmmv3b2x5r0000gn/T/graphx-package-test-o7v5pfno/prefix/share/doc/graphx/LICENSE
-- Installing: /var/folders/8d/6844p_cd23q9bwcmmv3b2x5r0000gn/T/graphx-package-test-o7v5pfno/prefix/share/doc/graphx/THIRD_PARTY.md
-- Installing: /var/folders/8d/6844p_cd23q9bwcmmv3b2x5r0000gn/T/graphx-package-test-o7v5pfno/prefix/share/doc/graphx/README.md
-- Installing: /var/folders/8d/6844p_cd23q9bwcmmv3b2x5r0000gn/T/graphx-package-test-o7v5pfno/prefix/share/doc/graphx/VERSION
-- Installing: /var/folders/8d/6844p_cd23q9bwcmmv3b2x5r0000gn/T/graphx-package-test-o7v5pfno/prefix/share/doc/graphx/CHANGELOG.md
-- Installing: /var/folders/8d/6844p_cd23q9bwcmmv3b2x5r0000gn/T/graphx-package-test-o7v5pfno/prefix/share/doc/graphx/SECURITY.md
-- Installing: /var/folders/8d/6844p_cd23q9bwcmmv3b2x5r0000gn/T/graphx-package-test-o7v5pfno/prefix/share/doc/graphx/SUPPORT.md
-- Installing: /var/folders/8d/6844p_cd23q9bwcmmv3b2x5r0000gn/T/graphx-package-test-o7v5pfno/prefix/share/doc/graphx/CONTRIBUTING.md
-- Installing: /var/folders/8d/6844p_cd23q9bwcmmv3b2x5r0000gn/T/graphx-package-test-o7v5pfno/prefix/share/doc/graphx/docs
-- Installing: /var/folders/8d/6844p_cd23q9bwcmmv3b2x5r0000gn/T/graphx-package-test-o7v5pfno/prefix/share/doc/graphx/docs/adr
-- Installing: /var/folders/8d/6844p_cd23q9bwcmmv3b2x5r0000gn/T/graphx-package-test-o7v5pfno/prefix/share/doc/graphx/docs/adr/0008-isolated-sqlite-telemetry-history.md
-- Installing: /var/folders/8d/6844p_cd23q9bwcmmv3b2x5r0000gn/T/graphx-package-test-o7v5pfno/prefix/share/doc/graphx/docs/adr/0010-bounded-pcapng-wireshark-extcap.md
-- Installing: /var/folders/8d/6844p_cd23q9bwcmmv3b2x5r0000gn/T/graphx-package-test-o7v5pfno/prefix/share/doc/graphx/docs/adr/0012-bounded-ipv4-udp-edges.md
-- Installing: /var/folders/8d/6844p_cd23q9bwcmmv3b2x5r0000gn/T/graphx-package-test-o7v5pfno/prefix/share/doc/graphx/docs/adr/0007-centralized-bounded-otlp-and-operational-health.md
-- Installing: /var/folders/8d/6844p_cd23q9bwcmmv3b2x5r0000gn/T/graphx-package-test-o7v5pfno/prefix/share/doc/graphx/docs/adr/0006-phase-5-security-boundaries.md
-- Installing: /var/folders/8d/6844p_cd23q9bwcmmv3b2x5r0000gn/T/graphx-package-test-o7v5pfno/prefix/share/doc/graphx/docs/adr/0002-network-infrastructure-layer.md
-- Installing: /var/folders/8d/6844p_cd23q9bwcmmv3b2x5r0000gn/T/graphx-package-test-o7v5pfno/prefix/share/doc/graphx/docs/adr/0003-typed-receive-and-bounded-runtime.md
-- Installing: /var/folders/8d/6844p_cd23q9bwcmmv3b2x5r0000gn/T/graphx-package-test-o7v5pfno/prefix/share/doc/graphx/docs/adr/0001-authoritative-configuration.md
-- Installing: /var/folders/8d/6844p_cd23q9bwcmmv3b2x5r0000gn/T/graphx-package-test-o7v5pfno/prefix/share/doc/graphx/docs/adr/0009-authorized-runtime-control-plane.md
-- Installing: /var/folders/8d/6844p_cd23q9bwcmmv3b2x5r0000gn/T/graphx-package-test-o7v5pfno/prefix/share/doc/graphx/docs/adr/0005-quality-gates-and-fuzzing.md
-- Installing: /var/folders/8d/6844p_cd23q9bwcmmv3b2x5r0000gn/T/graphx-package-test-o7v5pfno/prefix/share/doc/graphx/docs/adr/0011-immutable-release-artifacts-and-explicit-compatibility.md
-- Installing: /var/folders/8d/6844p_cd23q9bwcmmv3b2x5r0000gn/T/graphx-package-test-o7v5pfno/prefix/share/doc/graphx/docs/adr/0004-envelope-v2-identities-and-compatibility.md
-- Installing: /var/folders/8d/6844p_cd23q9bwcmmv3b2x5r0000gn/T/graphx-package-test-o7v5pfno/prefix/share/doc/graphx/docs/adr/0012-unified-qemu-profiles.md
-- Installing: /var/folders/8d/6844p_cd23q9bwcmmv3b2x5r0000gn/T/graphx-package-test-o7v5pfno/prefix/share/doc/graphx/docs/GraphX_New_Graph_Example_User_Guide.md
-- Installing: /var/folders/8d/6844p_cd23q9bwcmmv3b2x5r0000gn/T/graphx-package-test-o7v5pfno/prefix/share/doc/graphx/docs/runtime-lifecycle.md
-- Installing: /var/folders/8d/6844p_cd23q9bwcmmv3b2x5r0000gn/T/graphx-package-test-o7v5pfno/prefix/share/doc/graphx/docs/capture.md
-- Installing: /var/folders/8d/6844p_cd23q9bwcmmv3b2x5r0000gn/T/graphx-package-test-o7v5pfno/prefix/share/doc/graphx/docs/udp-transport.md
-- Installing: /var/folders/8d/6844p_cd23q9bwcmmv3b2x5r0000gn/T/graphx-package-test-o7v5pfno/prefix/share/doc/graphx/docs/tcp-transport.md
-- Installing: /var/folders/8d/6844p_cd23q9bwcmmv3b2x5r0000gn/T/graphx-package-test-o7v5pfno/prefix/share/doc/graphx/docs/history.md
-- Installing: /var/folders/8d/6844p_cd23q9bwcmmv3b2x5r0000gn/T/graphx-package-test-o7v5pfno/prefix/share/doc/graphx/docs/control-plane.md
-- Installing: /var/folders/8d/6844p_cd23q9bwcmmv3b2x5r0000gn/T/graphx-package-test-o7v5pfno/prefix/share/doc/graphx/docs/release-process.md
-- Installing: /var/folders/8d/6844p_cd23q9bwcmmv3b2x5r0000gn/T/graphx-package-test-o7v5pfno/prefix/share/doc/graphx/docs/test-reference.md
-- Installing: /var/folders/8d/6844p_cd23q9bwcmmv3b2x5r0000gn/T/graphx-package-test-o7v5pfno/prefix/share/doc/graphx/docs/in-process-transport.md
-- Installing: /var/folders/8d/6844p_cd23q9bwcmmv3b2x5r0000gn/T/graphx-package-test-o7v5pfno/prefix/share/doc/graphx/docs/unix-domain-socket-transport.md
-- Installing: /var/folders/8d/6844p_cd23q9bwcmmv3b2x5r0000gn/T/graphx-package-test-o7v5pfno/prefix/share/doc/graphx/docs/qemu-demos.md
-- Installing: /var/folders/8d/6844p_cd23q9bwcmmv3b2x5r0000gn/T/graphx-package-test-o7v5pfno/prefix/share/doc/graphx/docs/network-infrastructure.md
-- Installing: /var/folders/8d/6844p_cd23q9bwcmmv3b2x5r0000gn/T/graphx-package-test-o7v5pfno/prefix/share/doc/graphx/docs/graphical-examples-guide.md
-- Installing: /var/folders/8d/6844p_cd23q9bwcmmv3b2x5r0000gn/T/graphx-package-test-o7v5pfno/prefix/share/doc/graphx/docs/test-procedure.md
-- Installing: /var/folders/8d/6844p_cd23q9bwcmmv3b2x5r0000gn/T/graphx-package-test-o7v5pfno/prefix/share/doc/graphx/docs/complete-system-demo.md
-- Installing: /var/folders/8d/6844p_cd23q9bwcmmv3b2x5r0000gn/T/graphx-package-test-o7v5pfno/prefix/share/doc/graphx/docs/observability.md
-- Installing: /var/folders/8d/6844p_cd23q9bwcmmv3b2x5r0000gn/T/graphx-package-test-o7v5pfno/prefix/share/doc/graphx/docs/upgrade.md
-- Installing: /var/folders/8d/6844p_cd23q9bwcmmv3b2x5r0000gn/T/graphx-package-test-o7v5pfno/prefix/share/doc/graphx/docs/GraphX_Phases_1_to_10_Linux_Implementation_and_Verification_Runbook.md
-- Installing: /var/folders/8d/6844p_cd23q9bwcmmv3b2x5r0000gn/T/graphx-package-test-o7v5pfno/prefix/share/doc/graphx/docs/GraphX_Phases_1_to_7_Linux_Implementation_and_Verification_Runbook.md
-- Installing: /var/folders/8d/6844p_cd23q9bwcmmv3b2x5r0000gn/T/graphx-package-test-o7v5pfno/prefix/share/doc/graphx/docs/shared-memory-transport.md
-- Installing: /var/folders/8d/6844p_cd23q9bwcmmv3b2x5r0000gn/T/graphx-package-test-o7v5pfno/prefix/share/doc/graphx/docs/security.md
-- Installing: /var/folders/8d/6844p_cd23q9bwcmmv3b2x5r0000gn/T/graphx-package-test-o7v5pfno/prefix/share/doc/graphx/docs/compatibility-policy.md
-- Installing: /var/folders/8d/6844p_cd23q9bwcmmv3b2x5r0000gn/T/graphx-package-test-o7v5pfno/prefix/share/doc/graphx/docs/protocol.md
Traceback (most recent call last):
  File "/Users/rklinkhammer/workspace/graphx-docker/tests/test_package.py", line 88, in <module>
    assert set(installed) == set(expected), {
           ^^^^^^^^^^^^^^^^^^^^^^^^^^^^^^^
AssertionError: {'missing': [], 'unexpected': ['share/doc/graphx/docs/adr/0012-unified-qemu-profiles.md', 'share/doc/graphx/docs/qemu-demos.md']}

      Start 11: graphx-config-mixed-network
11/28 Test #11: graphx-config-mixed-network .........   Passed    0.00 sec
      Start 12: graphx-config-macvlan
12/28 Test #12: graphx-config-macvlan ...............   Passed    0.00 sec
      Start 13: graphx-config-ipvlan-l2
13/28 Test #13: graphx-config-ipvlan-l2 .............   Passed    0.00 sec
      Start 14: graphx-config-ipvlan-l3
14/28 Test #14: graphx-config-ipvlan-l3 .............   Passed    0.00 sec
      Start 15: graphx-config-shared-memory
15/28 Test #15: graphx-config-shared-memory .........   Passed    0.00 sec
      Start 16: graphx-config-udp-unicast
16/28 Test #16: graphx-config-udp-unicast ...........   Passed    0.00 sec
      Start 17: graphx-config-udp-broadcast
17/28 Test #17: graphx-config-udp-broadcast .........   Passed    0.00 sec
      Start 18: graphx-config-udp-multicast
18/28 Test #18: graphx-config-udp-multicast .........   Passed    0.00 sec
      Start 19: graphx-config-qemu-node
19/28 Test #19: graphx-config-qemu-node .............   Passed    0.00 sec
      Start 20: graphx-protocol-boundaries
20/28 Test #20: graphx-protocol-boundaries ..........   Passed    0.02 sec
      Start 21: graphx-mixed-version-transport
21/28 Test #21: graphx-mixed-version-transport ......   Passed    0.00 sec
      Start 22: graphx-transport-lifecycle-stress
22/28 Test #22: graphx-transport-lifecycle-stress ...   Passed    0.61 sec
      Start 23: graphx-udp-transport
23/28 Test #23: graphx-udp-transport ................   Passed    1.74 sec
      Start 24: graphx-udp-unicast-example
24/28 Test #24: graphx-udp-unicast-example ..........   Passed    0.87 sec
      Start 25: graphx-udp-multicast-example
25/28 Test #25: graphx-udp-multicast-example ........   Passed    0.72 sec
      Start 26: graphx-qemu-node-static
26/28 Test #26: graphx-qemu-node-static .............   Passed    1.40 sec
      Start 27: graphx-config-qemu-external
27/28 Test #27: graphx-config-qemu-external .........   Passed    0.00 sec
      Start 28: graphx-config-qemu-container
28/28 Test #28: graphx-config-qemu-container ........   Passed    0.00 sec

96% tests passed, 1 tests failed out of 28

Total Test time (real) =  11.04 sec

The following tests FAILED:
	 10 - graphx-package (Failed)
Errors while running CTest
graphx-release: Command '['ctest', '--test-dir', '/Users/rklinkhammer/workspace/graphx-docker/build/release-macos-20260906T151835Z', '--output-on-failure']' returned non-zero exit status 8.
